<html>
<body>
<pre>
<h1>µVision Build Log</h1>
<h2>Tool Versions:</h2>
IDE-Version: ¦ÌVision V5.18.0.0
Copyright (C) 2016 ARM Ltd and ARM Germany GmbH. All rights reserved.
License Information: 1 james021103@126.com, 1, LIC=AK1BF-6HSFV-687FC-7KS8B-UIXFX-RV5UB
 
Tool Versions:
Toolchain:       MDK-ARM Professional  Version: 5.18
Toolchain Path:  F:\keil\ARM\ARMCC\Bin
C Compiler:      Armcc.exe V5.06 update 1 (build 61)
Assembler:       Armasm.exe V5.06 update 1 (build 61)
Linker/Locator:  ArmLink.exe V5.06 update 1 (build 61)
Library Manager: ArmAr.exe V5.06 update 1 (build 61)
Hex Converter:   FromElf.exe V5.06 update 1 (build 61)
CPU DLL:         SARMCM3.DLL V5.18
Dialog DLL:      DCM.DLL V1.13.6.0
Target DLL:      CMSIS_AGDI.dll V1.25.7.0
Dialog DLL:      TCM.DLL V1.14.8.0
 
<h2>Project:</h2>
F:\TEST_STM32\BACKUP - BK\MDK-ARM\BACKUP.uvprojx
Project File Date:  05/10/2023

<h2>Output:</h2>
*** Using Compiler 'V5.06 update 1 (build 61)', folder: 'F:\keil\ARM\ARMCC\Bin'
Rebuild target 'BACKUP'
assembling startup_stm32f407xx.s...
compiling stm32f4xx_hal_msp.c...
compiling stm32f4xx_hal_timebase_tim.c...
compiling stm32f4xx_it.c...
compiling stm32_pca9685.c...
stm32_pca9685.c(30): warning:  #1035-D: single-precision operand implicitly converted to double-precision
  		freq *= 0.92; 
stm32_pca9685.c: 1 warning, 0 errors
compiling sbus.c...
sbus.h(61): warning:  #1-D: last line of file ends without a newline
  #endif
sbus.c(8): warning:  #177-D: variable "i" was declared but never referenced
      int i;
sbus.c: 2 warnings, 0 errors
compiling gpio.c...
compiling tim.c...
compiling usart.c...
compiling i2c.c...
compiling stm32f4xx_hal_rcc.c...
compiling main.c...
../MDK-ARM/sbus.h(61): warning:  #1-D: last line of file ends without a newline
  #endif
../Core/Src/main.c: 1 warning, 0 errors
compiling freertos.c...
../MDK-ARM/sbus.h(61): warning:  #1-D: last line of file ends without a newline
  #endif
../Core/Src/freertos.c(191): warning:  #177-D: variable "msg" was declared but never referenced
  	char msg[] = "\n";
../Core/Src/freertos.c(384): warning:  #1035-D: single-precision operand implicitly converted to double-precision
  			servo = (int) (duty_cycle - 7.9 )/ 7.2 * 90 ;			
../Core/Src/freertos.c(261): warning:  #177-D: variable "biasA1" was declared but never referenced
  	int biasA1 = 0;
../Core/Src/freertos.c(262): warning:  #177-D: variable "biasA2" was declared but never referenced
  	int biasA2 = 200;
../Core/Src/freertos.c(263): warning:  #177-D: variable "biasB1" was declared but never referenced
  	int biasB1 = 200;
../Core/Src/freertos.c(264): warning:  #177-D: variable "biasB2" was declared but never referenced
  	int biasB2 = -50 ;
../Core/Src/freertos.c(265): warning:  #177-D: variable "LastCH3" was declared but never referenced
  	int LastCH3 = SBUS_CH.CH3;
../Core/Src/freertos.c(521): warning:  #177-D: variable "macr" was declared but never referenced
  		int macr = lx ;
../Core/Src/freertos.c: 9 warnings, 0 errors
compiling stm32f4xx_hal_rcc_ex.c...
compiling stm32f4xx_hal_flash.c...
compiling stm32f4xx_hal_flash_ramfunc.c...
compiling stm32f4xx_hal_cortex.c...
compiling stm32f4xx_hal_flash_ex.c...
compiling stm32f4xx_hal_pwr.c...
compiling stm32f4xx_hal_dma.c...
compiling stm32f4xx_hal_pwr_ex.c...
compiling croutine.c...
compiling stm32f4xx_hal_i2c_ex.c...
compiling list.c...
compiling event_groups.c...
compiling stm32f4xx_hal_exti.c...
compiling stm32f4xx_hal_gpio.c...
compiling stm32f4xx_hal.c...
compiling stm32f4xx_hal_dma_ex.c...
compiling stream_buffer.c...
compiling timers.c...
compiling queue.c...
compiling heap_4.c...
compiling port.c...
compiling tasks.c...
compiling cmsis_os.c...
compiling stm32f4xx_hal_i2c.c...
compiling system_stm32f4xx.c...
compiling stm32f4xx_hal_tim_ex.c...
compiling stm32f4xx_hal_uart.c...
compiling stm32f4xx_hal_tim.c...
linking...
Program Size: Code=21168 RO-data=528 RW-data=216 ZI-data=18856  
FromELF: creating hex file...
"BACKUP\BACKUP.axf" - 0 Error(s), 13 Warning(s).

<h2>Software Packages used:</h2>

Package Vendor: ARM
                http://www.keil.com/pack/ARM.CMSIS.4.5.0.pack
                ARM::CMSIS:CORE:4.3.0
                CMSIS (Cortex Microcontroller Software Interface Standard)
   * Component: CORE Version: 4.3.0

<h2>Collection of Component include folders:</h2>
  F:\TEST_STM32\BACKUP - BK\MDK-ARM\RTE
  F:\keil\ARM\PACK\ARM\CMSIS\4.5.0\CMSIS\Include
  F:\keil\ARM\PACK\Keil\STM32F4xx_DFP\2.17.0\Drivers\CMSIS\Device\ST\STM32F4xx\Include

<h2>Collection of Component Files used:</h2>

   * Component: ARM::CMSIS:CORE:4.3.0
Build Time Elapsed:  00:00:08
</pre>
</body>
</html>
