Component: ARM Compiler 5.06 update 1 (build 61) Tool: armlink [4d35a8]

==============================================================================

Section Cross References

    startup_stm32f407xx.o(STACK) refers (Special) to heapauxi.o(.text) for __use_two_region_memory
    startup_stm32f407xx.o(HEAP) refers (Special) to heapauxi.o(.text) for __use_two_region_memory
    startup_stm32f407xx.o(RESET) refers (Special) to heapauxi.o(.text) for __use_two_region_memory
    startup_stm32f407xx.o(RESET) refers to startup_stm32f407xx.o(STACK) for __initial_sp
    startup_stm32f407xx.o(RESET) refers to startup_stm32f407xx.o(.text) for Reset_Handler
    startup_stm32f407xx.o(RESET) refers to stm32f4xx_it.o(i.NMI_Handler) for NMI_Handler
    startup_stm32f407xx.o(RESET) refers to stm32f4xx_it.o(i.HardFault_Handler) for HardFault_Handler
    startup_stm32f407xx.o(RESET) refers to stm32f4xx_it.o(i.MemManage_Handler) for MemManage_Handler
    startup_stm32f407xx.o(RESET) refers to stm32f4xx_it.o(i.BusFault_Handler) for BusFault_Handler
    startup_stm32f407xx.o(RESET) refers to stm32f4xx_it.o(i.UsageFault_Handler) for UsageFault_Handler
    startup_stm32f407xx.o(RESET) refers to port.o(.emb_text) for SVC_Handler
    startup_stm32f407xx.o(RESET) refers to stm32f4xx_it.o(i.DebugMon_Handler) for DebugMon_Handler
    startup_stm32f407xx.o(RESET) refers to port.o(i.SysTick_Handler) for SysTick_Handler
    startup_stm32f407xx.o(RESET) refers to stm32f4xx_it.o(i.USART3_IRQHandler) for USART3_IRQHandler
    startup_stm32f407xx.o(RESET) refers to stm32f4xx_it.o(i.TIM8_UP_TIM13_IRQHandler) for TIM8_UP_TIM13_IRQHandler
    startup_stm32f407xx.o(RESET) refers to stm32f4xx_it.o(i.TIM8_CC_IRQHandler) for TIM8_CC_IRQHandler
    startup_stm32f407xx.o(RESET) refers to stm32f4xx_it.o(i.TIM6_DAC_IRQHandler) for TIM6_DAC_IRQHandler
    startup_stm32f407xx.o(RESET) refers to stm32f4xx_it.o(i.TIM7_IRQHandler) for TIM7_IRQHandler
    startup_stm32f407xx.o(.text) refers (Special) to heapauxi.o(.text) for __use_two_region_memory
    startup_stm32f407xx.o(.text) refers to system_stm32f4xx.o(i.SystemInit) for SystemInit
    startup_stm32f407xx.o(.text) refers to __main.o(!!!main) for __main
    startup_stm32f407xx.o(.text) refers to startup_stm32f407xx.o(HEAP) for Heap_Mem
    startup_stm32f407xx.o(.text) refers to startup_stm32f407xx.o(STACK) for Stack_Mem
    sbus.o(i.update_sbus) refers to sbus.o(.bss) for .bss
    stm32_pca9685.o(i.PCA_MG9XX) refers to dflt_clz.o(x$fpl$dfltu) for __aeabi_ui2d
    stm32_pca9685.o(i.PCA_MG9XX) refers to dmul.o(x$fpl$dmul) for __aeabi_dmul
    stm32_pca9685.o(i.PCA_MG9XX) refers to daddsub_clz.o(x$fpl$dadd) for __aeabi_dadd
    stm32_pca9685.o(i.PCA_MG9XX) refers to dfixu.o(x$fpl$dfixu) for __aeabi_d2uiz
    stm32_pca9685.o(i.PCA_MG9XX) refers to stm32_pca9685.o(i.pca_setpwm) for pca_setpwm
    stm32_pca9685.o(i.PCA_MG9XX_Init) refers to stm32_pca9685.o(i.pca_write) for pca_write
    stm32_pca9685.o(i.PCA_MG9XX_Init) refers to stm32_pca9685.o(i.pca_setfreq) for pca_setfreq
    stm32_pca9685.o(i.PCA_MG9XX_Init) refers to dflt_clz.o(x$fpl$dfltu) for __aeabi_ui2d
    stm32_pca9685.o(i.PCA_MG9XX_Init) refers to dmul.o(x$fpl$dmul) for __aeabi_dmul
    stm32_pca9685.o(i.PCA_MG9XX_Init) refers to daddsub_clz.o(x$fpl$dadd) for __aeabi_dadd
    stm32_pca9685.o(i.PCA_MG9XX_Init) refers to dfixu.o(x$fpl$dfixu) for __aeabi_d2uiz
    stm32_pca9685.o(i.PCA_MG9XX_Init) refers to stm32_pca9685.o(i.pca_setpwm) for pca_setpwm
    stm32_pca9685.o(i.PCA_MG9XX_Init) refers to stm32f4xx_hal.o(i.HAL_Delay) for HAL_Delay
    stm32_pca9685.o(i.pca_read) refers to stm32f4xx_hal_i2c.o(i.HAL_I2C_Master_Transmit) for HAL_I2C_Master_Transmit
    stm32_pca9685.o(i.pca_read) refers to stm32f4xx_hal_i2c.o(i.HAL_I2C_Master_Receive) for HAL_I2C_Master_Receive
    stm32_pca9685.o(i.pca_read) refers to i2c.o(.bss) for hi2c1
    stm32_pca9685.o(i.pca_setfreq) refers to f2d.o(x$fpl$f2d) for __aeabi_f2d
    stm32_pca9685.o(i.pca_setfreq) refers to dmul.o(x$fpl$dmul) for __aeabi_dmul
    stm32_pca9685.o(i.pca_setfreq) refers to d2f.o(x$fpl$d2f) for __aeabi_d2f
    stm32_pca9685.o(i.pca_setfreq) refers to ddiv.o(x$fpl$ddiv) for __aeabi_ddiv
    stm32_pca9685.o(i.pca_setfreq) refers to daddsub_clz.o(x$fpl$dsub) for __aeabi_dsub
    stm32_pca9685.o(i.pca_setfreq) refers to daddsub_clz.o(x$fpl$dadd) for __aeabi_dadd
    stm32_pca9685.o(i.pca_setfreq) refers to floor.o(i.__hardfp_floor) for __hardfp_floor
    stm32_pca9685.o(i.pca_setfreq) refers to dfixu.o(x$fpl$dfixu) for __aeabi_d2uiz
    stm32_pca9685.o(i.pca_setfreq) refers to stm32_pca9685.o(i.pca_read) for pca_read
    stm32_pca9685.o(i.pca_setfreq) refers to stm32_pca9685.o(i.pca_write) for pca_write
    stm32_pca9685.o(i.pca_setfreq) refers to stm32f4xx_hal.o(i.HAL_Delay) for HAL_Delay
    stm32_pca9685.o(i.pca_setpwm) refers to stm32_pca9685.o(i.pca_write) for pca_write
    stm32_pca9685.o(i.pca_write) refers to stm32f4xx_hal_i2c.o(i.HAL_I2C_Master_Transmit) for HAL_I2C_Master_Transmit
[...]
    i.SystemInit                             0x0800332c   Section        0  system_stm32f4xx.o(i.SystemInit)
    i.TIM6_DAC_IRQHandler                    0x0800333c   Section        0  stm32f4xx_it.o(i.TIM6_DAC_IRQHandler)
    i.TIM7_IRQHandler                        0x08003348   Section        0  stm32f4xx_it.o(i.TIM7_IRQHandler)
    i.TIM8_CC_IRQHandler                     0x08003354   Section        0  stm32f4xx_it.o(i.TIM8_CC_IRQHandler)
    i.TIM8_UP_TIM13_IRQHandler               0x08003360   Section        0  stm32f4xx_it.o(i.TIM8_UP_TIM13_IRQHandler)
    i.TIM_Base_SetConfig                     0x0800337c   Section        0  stm32f4xx_hal_tim.o(i.TIM_Base_SetConfig)
    i.TIM_CCxChannelCmd                      0x08003444   Section        0  stm32f4xx_hal_tim.o(i.TIM_CCxChannelCmd)
    i.TIM_ETR_SetConfig                      0x0800345e   Section        0  stm32f4xx_hal_tim.o(i.TIM_ETR_SetConfig)
    i.TIM_ITRx_SetConfig                     0x08003472   Section        0  stm32f4xx_hal_tim.o(i.TIM_ITRx_SetConfig)
    TIM_ITRx_SetConfig                       0x08003473   Thumb Code    16  stm32f4xx_hal_tim.o(i.TIM_ITRx_SetConfig)
    i.TIM_OC1_SetConfig                      0x08003484   Section        0  stm32f4xx_hal_tim.o(i.TIM_OC1_SetConfig)
    TIM_OC1_SetConfig                        0x08003485   Thumb Code    88  stm32f4xx_hal_tim.o(i.TIM_OC1_SetConfig)
    i.TIM_OC2_SetConfig                      0x080034e4   Section        0  stm32f4xx_hal_tim.o(i.TIM_OC2_SetConfig)
    i.TIM_OC3_SetConfig                      0x08003550   Section        0  stm32f4xx_hal_tim.o(i.TIM_OC3_SetConfig)
    TIM_OC3_SetConfig                        0x08003551   Thumb Code    96  stm32f4xx_hal_tim.o(i.TIM_OC3_SetConfig)
    i.TIM_OC4_SetConfig                      0x080035b8   Section        0  stm32f4xx_hal_tim.o(i.TIM_OC4_SetConfig)
    TIM_OC4_SetConfig                        0x080035b9   Thumb Code    70  stm32f4xx_hal_tim.o(i.TIM_OC4_SetConfig)
    i.TIM_TI1_ConfigInputStage               0x08003608   Section        0  stm32f4xx_hal_tim.o(i.TIM_TI1_ConfigInputStage)
    TIM_TI1_ConfigInputStage                 0x08003609   Thumb Code    34  stm32f4xx_hal_tim.o(i.TIM_TI1_ConfigInputStage)
    i.TIM_TI1_SetConfig                      0x0800362c   Section        0  stm32f4xx_hal_tim.o(i.TIM_TI1_SetConfig)
    i.TIM_TI2_ConfigInputStage               0x080036ac   Section        0  stm32f4xx_hal_tim.o(i.TIM_TI2_ConfigInputStage)
    TIM_TI2_ConfigInputStage                 0x080036ad   Thumb Code    36  stm32f4xx_hal_tim.o(i.TIM_TI2_ConfigInputStage)
    i.TIM_TI2_SetConfig                      0x080036d0   Section        0  stm32f4xx_hal_tim.o(i.TIM_TI2_SetConfig)
    TIM_TI2_SetConfig                        0x080036d1   Thumb Code    54  stm32f4xx_hal_tim.o(i.TIM_TI2_SetConfig)
    i.UART_DMAAbortOnError                   0x08003706   Section        0  stm32f4xx_hal_uart.o(i.UART_DMAAbortOnError)
    UART_DMAAbortOnError                     0x08003707   Thumb Code    16  stm32f4xx_hal_uart.o(i.UART_DMAAbortOnError)
    i.UART_EndRxTransfer                     0x08003716   Section        0  stm32f4xx_hal_uart.o(i.UART_EndRxTransfer)
    UART_EndRxTransfer                       0x08003717   Thumb Code    78  stm32f4xx_hal_uart.o(i.UART_EndRxTransfer)
    i.UART_Receive_IT                        0x08003764   Section        0  stm32f4xx_hal_uart.o(i.UART_Receive_IT)
    UART_Receive_IT                          0x08003765   Thumb Code   192  stm32f4xx_hal_uart.o(i.UART_Receive_IT)
    i.UART_SetConfig                         0x08003824   Section        0  stm32f4xx_hal_uart.o(i.UART_SetConfig)
    UART_SetConfig                           0x08003825   Thumb Code   258  stm32f4xx_hal_uart.o(i.UART_SetConfig)
    i.UART_Start_Receive_IT                  0x08003930   Section        0  stm32f4xx_hal_uart.o(i.UART_Start_Receive_IT)
    i.USART3_IRQHandler                      0x0800396c   Section        0  stm32f4xx_it.o(i.USART3_IRQHandler)
    i.UsageFault_Handler                     0x080039b0   Section        0  stm32f4xx_it.o(i.UsageFault_Handler)
    i.__NVIC_SetPriority                     0x080039b2   Section        0  stm32f4xx_hal_cortex.o(i.__NVIC_SetPriority)
    __NVIC_SetPriority                       0x080039b3   Thumb Code    32  stm32f4xx_hal_cortex.o(i.__NVIC_SetPriority)
    i.__hardfp_floor                         0x080039d8   Section        0  floor.o(i.__hardfp_floor)
    i._sys_exit                              0x08003af0   Section        0  usart.o(i._sys_exit)
    i.main                                   0x08003af4   Section        0  main.o(i.main)
    i.makeFreeRtosPriority                   0x08003b98   Section        0  cmsis_os.o(i.makeFreeRtosPriority)
    makeFreeRtosPriority                     0x08003b99   Thumb Code    12  cmsis_os.o(i.makeFreeRtosPriority)
    i.osDelay                                0x08003ba4   Section        0  cmsis_os.o(i.osDelay)
    i.osKernelStart                          0x08003bb2   Section        0  cmsis_os.o(i.osKernelStart)
    i.osThreadCreate                         0x08003bbc   Section        0  cmsis_os.o(i.osThreadCreate)
    i.pca_read                               0x08003c10   Section        0  stm32_pca9685.o(i.pca_read)
    i.pca_setfreq                            0x08003c40   Section        0  stm32_pca9685.o(i.pca_setfreq)
    i.pca_setpwm                             0x08003d00   Section        0  stm32_pca9685.o(i.pca_setpwm)
    i.pca_write                              0x08003d48   Section        0  stm32_pca9685.o(i.pca_write)
    i.prvAddCurrentTaskToDelayedList         0x08003d6c   Section        0  tasks.o(i.prvAddCurrentTaskToDelayedList)
    prvAddCurrentTaskToDelayedList           0x08003d6d   Thumb Code   102  tasks.o(i.prvAddCurrentTaskToDelayedList)
    i.prvAddNewTaskToReadyList               0x08003ddc   Section        0  tasks.o(i.prvAddNewTaskToReadyList)
    prvAddNewTaskToReadyList                 0x08003ddd   Thumb Code   194  tasks.o(i.prvAddNewTaskToReadyList)
    i.prvDeleteTCB                           0x08003eac   Section        0  tasks.o(i.prvDeleteTCB)
    prvDeleteTCB                             0x08003ead   Thumb Code    52  tasks.o(i.prvDeleteTCB)
    i.prvHeapInit                            0x08003ee0   Section        0  heap_4.o(i.prvHeapInit)
    prvHeapInit                              0x08003ee1   Thumb Code    66  heap_4.o(i.prvHeapInit)
    i.prvIdleTask                            0x08003f2c   Section        0  tasks.o(i.prvIdleTask)
    prvIdleTask                              0x08003f2d   Thumb Code    82  tasks.o(i.prvIdleTask)
    i.prvInitialiseNewTask                   0x08003f8c   Section        0  tasks.o(i.prvInitialiseNewTask)
    prvInitialiseNewTask                     0x08003f8d   Thumb Code   152  tasks.o(i.prvInitialiseNewTask)
    i.prvInsertBlockIntoFreeList             0x08004024   Section        0  heap_4.o(i.prvInsertBlockIntoFreeList)
    prvInsertBlockIntoFreeList               0x08004025   Thumb Code    72  heap_4.o(i.prvInsertBlockIntoFreeList)
    i.prvResetNextTaskUnblockTime            0x08004070   Section        0  tasks.o(i.prvResetNextTaskUnblockTime)
    prvResetNextTaskUnblockTime              0x08004071   Thumb Code    26  tasks.o(i.prvResetNextTaskUnblockTime)
    i.prvTaskExitError                       0x08004090   Section        0  port.o(i.prvTaskExitError)
    prvTaskExitError                         0x08004091   Thumb Code    36  port.o(i.prvTaskExitError)
    i.pvPortMalloc                           0x080040b8   Section        0  heap_4.o(i.pvPortMalloc)
    i.pxPortInitialiseStack                  0x08004194   Section        0  port.o(i.pxPortInitialiseStack)
    i.speedcc                                0x080041c0   Section        0  freertos.o(i.speedcc)
    i.update_sbus                            0x080041e0   Section        0  sbus.o(i.update_sbus)
    i.uxListRemove                           0x08004300   Section        0  list.o(i.uxListRemove)
    i.vApplicationGetIdleTaskMemory          0x08004328   Section        0  freertos.o(i.vApplicationGetIdleTaskMemory)
    i.vListInitialise                        0x0800433c   Section        0  list.o(i.vListInitialise)
    i.vListInitialiseItem                    0x08004352   Section        0  list.o(i.vListInitialiseItem)
    i.vListInsert                            0x08004358   Section        0  list.o(i.vListInsert)
    i.vListInsertEnd                         0x08004388   Section        0  list.o(i.vListInsertEnd)
    i.vPortEnterCritical                     0x080043a0   Section        0  port.o(i.vPortEnterCritical)
    i.vPortExitCritical                      0x080043e0   Section        0  port.o(i.vPortExitCritical)
    i.vPortFree                              0x08004408   Section        0  heap_4.o(i.vPortFree)
    i.vPortSetupTimerInterrupt               0x0800446c   Section        0  port.o(i.vPortSetupTimerInterrupt)
    i.vTaskDelay                             0x08004490   Section        0  tasks.o(i.vTaskDelay)
    i.vTaskStartScheduler                    0x080044dc   Section        0  tasks.o(i.vTaskStartScheduler)
    i.vTaskSuspendAll                        0x08004548   Section        0  tasks.o(i.vTaskSuspendAll)
    i.vTaskSwitchContext                     0x08004558   Section        0  tasks.o(i.vTaskSwitchContext)
    i.xPortStartScheduler                    0x080045b4   Section        0  port.o(i.xPortStartScheduler)
    i.xTaskCreate                            0x080046a8   Section        0  tasks.o(i.xTaskCreate)
    i.xTaskCreateStatic                      0x08004702   Section        0  tasks.o(i.xTaskCreateStatic)
    i.xTaskIncrementTick                     0x08004758   Section        0  tasks.o(i.xTaskIncrementTick)
    i.xTaskResumeAll                         0x08004824   Section        0  tasks.o(i.xTaskResumeAll)
    x$fpl$d2f                                0x080048e8   Section       98  d2f.o(x$fpl$d2f)
    $v0                                      0x080048e8   Number         0  d2f.o(x$fpl$d2f)
    x$fpl$dadd                               0x0800494c   Section      336  daddsub_clz.o(x$fpl$dadd)
    $v0                                      0x0800494c   Number         0  daddsub_clz.o(x$fpl$dadd)
    _dadd1                                   0x0800495d   Thumb Code     0  daddsub_clz.o(x$fpl$dadd)
    x$fpl$dcmpinf                            0x08004a9c   Section       24  dcmpi.o(x$fpl$dcmpinf)
    $v0                                      0x08004a9c   Number         0  dcmpi.o(x$fpl$dcmpinf)
    x$fpl$ddiv                               0x08004ab4   Section      688  ddiv.o(x$fpl$ddiv)
    $v0                                      0x08004ab4   Number         0  ddiv.o(x$fpl$ddiv)
    ddiv_entry                               0x08004abb   Thumb Code     0  ddiv.o(x$fpl$ddiv)
    x$fpl$dfix                               0x08004d64   Section       94  dfix.o(x$fpl$dfix)
    $v0                                      0x08004d64   Number         0  dfix.o(x$fpl$dfix)
    x$fpl$dfixu                              0x08004dc4   Section       90  dfixu.o(x$fpl$dfixu)
    $v0                                      0x08004dc4   Number         0  dfixu.o(x$fpl$dfixu)
    x$fpl$dflt                               0x08004e1e   Section       46  dflt_clz.o(x$fpl$dflt)
    $v0                                      0x08004e1e   Number         0  dflt_clz.o(x$fpl$dflt)
    x$fpl$dfltu                              0x08004e4c   Section       38  dflt_clz.o(x$fpl$dfltu)
    $v0                                      0x08004e4c   Number         0  dflt_clz.o(x$fpl$dfltu)
    x$fpl$dleqf                              0x08004e74   Section      120  dleqf.o(x$fpl$dleqf)
    $v0                                      0x08004e74   Number         0  dleqf.o(x$fpl$dleqf)
    x$fpl$dmul                               0x08004eec   Section      340  dmul.o(x$fpl$dmul)
    $v0                                      0x08004eec   Number         0  dmul.o(x$fpl$dmul)
    x$fpl$dnaninf                            0x08005040   Section      156  dnaninf.o(x$fpl$dnaninf)
    $v0                                      0x08005040   Number         0  dnaninf.o(x$fpl$dnaninf)
    x$fpl$dretinf                            0x080050dc   Section       12  dretinf.o(x$fpl$dretinf)
    $v0                                      0x080050dc   Number         0  dretinf.o(x$fpl$dretinf)
    x$fpl$drleqf                             0x080050e8   Section      108  drleqf.o(x$fpl$drleqf)
    $v0                                      0x080050e8   Number         0  drleqf.o(x$fpl$drleqf)
    x$fpl$drsb                               0x08005154   Section       22  daddsub_clz.o(x$fpl$drsb)
    $v0                                      0x08005154   Number         0  daddsub_clz.o(x$fpl$drsb)
    x$fpl$dsub                               0x0800516c   Section      468  daddsub_clz.o(x$fpl$dsub)
    $v0                                      0x0800516c   Number         0  daddsub_clz.o(x$fpl$dsub)
    _dsub1                                   0x0800517d   Thumb Code     0  daddsub_clz.o(x$fpl$dsub)
    x$fpl$f2d                                0x08005340   Section       86  f2d.o(x$fpl$f2d)
    $v0                                      0x08005340   Number         0  f2d.o(x$fpl$f2d)
    x$fpl$fnaninf                            0x08005396   Section      140  fnaninf.o(x$fpl$fnaninf)
    $v0                                      0x08005396   Number         0  fnaninf.o(x$fpl$fnaninf)
    x$fpl$fpinit                             0x08005422   Section       10  fpinit.o(x$fpl$fpinit)
    $v0                                      0x08005422   Number         0  fpinit.o(x$fpl$fpinit)
    x$fpl$fretinf                            0x0800542c   Section       10  fretinf.o(x$fpl$fretinf)
    $v0                                      0x0800542c   Number         0  fretinf.o(x$fpl$fretinf)
    x$fpl$usenofp                            0x08005436   Section        0  usenofp.o(x$fpl$usenofp)
    .constdata                               0x08005438   Section       56  freertos.o(.constdata)
    .constdata                               0x08005470   Section       16  system_stm32f4xx.o(.constdata)
    .constdata                               0x08005480   Section        8  system_stm32f4xx.o(.constdata)
    .conststring                             0x08005488   Section       24  freertos.o(.conststring)
    .data                                    0x20000000   Section       32  main.o(.data)
    .data                                    0x20000020   Section        4  main.o(.data)
    .data                                    0x20000024   Section        4  main.o(.data)
    .data                                    0x20000028   Section       56  freertos.o(.data)
    .data                                    0x20000060   Section       12  stm32f4xx_hal.o(.data)
    .data                                    0x2000006c   Section        4  system_stm32f4xx.o(.data)
    .data                                    0x20000070   Section       60  tasks.o(.data)
    uxDeletedTasksWaitingCleanUp             0x20000074   Data           4  tasks.o(.data)
    uxCurrentNumberOfTasks                   0x20000078   Data           4  tasks.o(.data)
    xTickCount                               0x2000007c   Data           4  tasks.o(.data)
    uxTopReadyPriority                       0x20000080   Data           4  tasks.o(.data)
    xSchedulerRunning                        0x20000084   Data           4  tasks.o(.data)
    xPendedTicks                             0x20000088   Data           4  tasks.o(.data)
    xYieldPending                            0x2000008c   Data           4  tasks.o(.data)
    xNumOfOverflows                          0x20000090   Data           4  tasks.o(.data)
    uxTaskNumber                             0x20000094   Data           4  tasks.o(.data)
    xNextTaskUnblockTime                     0x20000098   Data           4  tasks.o(.data)
    xIdleTaskHandle                          0x2000009c   Data           4  tasks.o(.data)
    uxSchedulerSuspended                     0x200000a0   Data           4  tasks.o(.data)
    pxDelayedTaskList                        0x200000a4   Data           4  tasks.o(.data)
    pxOverflowDelayedTaskList                0x200000a8   Data           4  tasks.o(.data)
    .data                                    0x200000ac   Section       32  heap_4.o(.data)
    pxEnd                                    0x200000ac   Data           4  heap_4.o(.data)
    xFreeBytesRemaining                      0x200000b0   Data           4  heap_4.o(.data)
    xMinimumEverFreeBytesRemaining           0x200000b4   Data           4  heap_4.o(.data)
    xNumberOfSuccessfulAllocations           0x200000b8   Data           4  heap_4.o(.data)
    xNumberOfSuccessfulFrees                 0x200000bc   Data           4  heap_4.o(.data)
    xBlockAllocatedBit                       0x200000c0   Data           4  heap_4.o(.data)
    xStart                                   0x200000c4   Data           8  heap_4.o(.data)
    .data                                    0x200000cc   Section       12  port.o(.data)
    ucMaxSysCallPriority                     0x200000cc   Data           1  port.o(.data)
    uxCriticalNesting                        0x200000d0   Data           4  port.o(.data)
    ulMaxPRIGROUPValue                       0x200000d4   Data           4  port.o(.data)
    .bss                                     0x200000d8   Section       84  sbus.o(.bss)
    .bss                                     0x2000012c   Section      100  main.o(.bss)
    .bss                                     0x20000190   Section      636  freertos.o(.bss)
    wheelspeed                               0x20000190   Data          40  freertos.o(.bss)
    xIdleTaskTCBBuffer                       0x200001b8   Data          84  freertos.o(.bss)
    xIdleStack                               0x2000020c   Data         512  freertos.o(.bss)
    .bss                                     0x2000040c   Section       84  i2c.o(.bss)
    .bss                                     0x20000460   Section      576  tim.o(.bss)
    .bss                                     0x200006a0   Section       68  usart.o(.bss)
    .bss                                     0x200006e4   Section       72  stm32f4xx_hal_timebase_tim.o(.bss)
    .bss                                     0x2000072c   Section      240  tasks.o(.bss)
    pxReadyTasksLists                        0x2000072c   Data         140  tasks.o(.bss)
    xDelayedTaskList1                        0x200007b8   Data          20  tasks.o(.bss)
    xDelayedTaskList2                        0x200007cc   Data          20  tasks.o(.bss)
    xPendingReadyList                        0x200007e0   Data          20  tasks.o(.bss)
    xTasksWaitingTermination                 0x200007f4   Data          20  tasks.o(.bss)
    xSuspendedTaskList                       0x20000808   Data          20  tasks.o(.bss)
    .bss                                     0x2000081c   Section    15360  heap_4.o(.bss)
    ucHeap                                   0x2000081c   Data       15360  heap_4.o(.bss)
    .bss                                     0x2000441c   Section       96  libspace.o(.bss)
    HEAP                                     0x20004480   Section      512  startup_stm32f407xx.o(HEAP)
    Heap_Mem                                 0x20004480   Data         512  startup_stm32f407xx.o(HEAP)
    STACK                                    0x20004680   Section     1024  startup_stm32f407xx.o(STACK)
    Stack_Mem                                0x20004680   Data        1024  startup_stm32f407xx.o(STACK)
    __initial_sp                             0x20004a80   Data           0  startup_stm32f407xx.o(STACK)

    Global Symbols

    Symbol Name                              Value     Ov Type        Size  Object(Section)

    BuildAttributes$$THM_ISAv4$E$P$D$K$B$S$7EM$VFPi3$EXTD16$VFPS$VFMA$PE$A:L22UL41UL21$X:L11$S22US41US21$IEEE1$IW$USESV6$~STKCKD$USESV7$~SHL$OTIME$ROPI$IEEEJ$EBA8$UX$STANDARDLIB$REQ8$PRES8$EABIv2 0x00000000   Number         0  anon$$obj.o ABSOLUTE
    __ARM_use_no_argv                        0x00000000   Number         0  main.o ABSOLUTE
    __ARM_exceptions_init                     - Undefined Weak Reference
    __alloca_initialize                       - Undefined Weak Reference
    __arm_preinit_                            - Undefined Weak Reference
    __cpp_initialize__aeabi_                  - Undefined Weak Reference
    __cxa_finalize                            - Undefined Weak Reference
    __rt_locale                               - Undefined Weak Reference
    __sigvec_lookup                           - Undefined Weak Reference
    _atexit_init                              - Undefined Weak Reference
    _call_atexit_fns                          - Undefined Weak Reference
    _clock_init                               - Undefined Weak Reference
    _fp_trap_init                             - Undefined Weak Reference
    _fp_trap_shutdown                         - Undefined Weak Reference
    _get_lc_collate                           - Undefined Weak Reference
    _get_lc_ctype                             - Undefined Weak Reference
    _get_lc_monetary                          - Undefined Weak Reference
    _get_lc_numeric                           - Undefined Weak Reference
    _get_lc_time                              - Undefined Weak Reference
    _getenv_init                              - Undefined Weak Reference
    _handle_redirection                       - Undefined Weak Reference
    _init_alloc                               - Undefined Weak Reference
    _init_user_alloc                          - Undefined Weak Reference
    _initio                                   - Undefined Weak Reference
    _rand_init                                - Undefined Weak Reference
    _signal_finish                            - Undefined Weak Reference
    _signal_init                              - Undefined Weak Reference
    _terminate_alloc                          - Undefined Weak Reference
    _terminate_user_alloc                     - Undefined Weak Reference
    _terminateio                              - Undefined Weak Reference
    __Vectors_Size                           0x00000188   Number         0  startup_stm32f407xx.o ABSOLUTE
    __Vectors                                0x08000000   Data           4  startup_stm32f407xx.o(RESET)
    __Vectors_End                            0x08000188   Data           0  startup_stm32f407xx.o(RESET)
    __main                                   0x08000189   Thumb Code     8  __main.o(!!!main)
    __scatterload                            0x08000191   Thumb Code     0  __scatter.o(!!!scatter)
    __scatterload_rt2                        0x08000191   Thumb Code    44  __scatter.o(!!!scatter)
    __scatterload_rt2_thumb_only             0x08000191   Thumb Code     0  __scatter.o(!!!scatter)
    __scatterload_null                       0x0800019f   Thumb Code     0  __scatter.o(!!!scatter)
    __scatterload_copy                       0x080001c5   Thumb Code    26  __scatter_copy.o(!!handler_copy)
    __scatterload_zeroinit                   0x080001e1   Thumb Code    28  __scatter_zi.o(!!handler_zi)
    __rt_lib_init                            0x080001fd   Thumb Code     0  libinit.o(.ARM.Collect$$libinit$$00000000)
    __rt_lib_init_fp_1                       0x080001ff   Thumb Code     0  libinit2.o(.ARM.Collect$$libinit$$00000001)
    __rt_lib_init_alloca_1                   0x08000203   Thumb Code     0  libinit2.o(.ARM.Collect$$libinit$$0000002E)
    __rt_lib_init_argv_1                     0x08000203   Thumb Code     0  libinit2.o(.ARM.Collect$$libinit$$0000002C)
    __rt_lib_init_atexit_1                   0x08000203   Thumb Code     0  libinit2.o(.ARM.Collect$$libinit$$0000001B)
    __rt_lib_init_clock_1                    0x08000203   Thumb Code     0  libinit2.o(.ARM.Collect$$libinit$$00000021)
    __rt_lib_init_cpp_1                      0x08000203   Thumb Code     0  libinit2.o(.ARM.Collect$$libinit$$00000032)
    __rt_lib_init_exceptions_1               0x08000203   Thumb Code     0  libinit2.o(.ARM.Collect$$libinit$$00000030)
    __rt_lib_init_fp_trap_1                  0x08000203   Thumb Code     0  libinit2.o(.ARM.Collect$$libinit$$0000001F)
    __rt_lib_init_getenv_1                   0x08000203   Thumb Code     0  libinit2.o(.ARM.Collect$$libinit$$00000023)
    __rt_lib_init_heap_1                     0x08000203   Thumb Code     0  libinit2.o(.ARM.Collect$$libinit$$0000000A)
    __rt_lib_init_lc_collate_1               0x08000203   Thumb Code     0  libinit2.o(.ARM.Collect$$libinit$$00000011)
    __rt_lib_init_lc_ctype_1                 0x08000203   Thumb Code     0  libinit2.o(.ARM.Collect$$libinit$$00000013)
    __rt_lib_init_lc_monetary_1              0x08000203   Thumb Code     0  libinit2.o(.ARM.Collect$$libinit$$00000015)
    __rt_lib_init_lc_numeric_1               0x08000203   Thumb Code     0  libinit2.o(.ARM.Collect$$libinit$$00000017)
    __rt_lib_init_lc_time_1                  0x08000203   Thumb Code     0  libinit2.o(.ARM.Collect$$libinit$$00000019)
    __rt_lib_init_preinit_1                  0x08000203   Thumb Code     0  libinit2.o(.ARM.Collect$$libinit$$00000004)
    __rt_lib_init_rand_1                     0x08000203   Thumb Code     0  libinit2.o(.ARM.Collect$$libinit$$0000000E)
    __rt_lib_init_return                     0x08000203   Thumb Code     0  libinit2.o(.ARM.Collect$$libinit$$00000033)
    __rt_lib_init_signal_1                   0x08000203   Thumb Code     0  libinit2.o(.ARM.Collect$$libinit$$0000001D)
    __rt_lib_init_stdio_1                    0x08000203   Thumb Code     0  libinit2.o(.ARM.Collect$$libinit$$00000025)
    __rt_lib_init_user_alloc_1               0x08000203   Thumb Code     0  libinit2.o(.ARM.Collect$$libinit$$0000000C)
    __rt_lib_shutdown                        0x08000205   Thumb Code     0  libshutdown.o(.ARM.Collect$$libshutdown$$00000000)
    __rt_lib_shutdown_cpp_1                  0x08000207   Thumb Code     0  libshutdown2.o(.ARM.Collect$$libshutdown$$00000002)
    __rt_lib_shutdown_fp_trap_1              0x08000207   Thumb Code     0  libshutdown2.o(.ARM.Collect$$libshutdown$$00000007)
    __rt_lib_shutdown_heap_1                 0x08000207   Thumb Code     0  libshutdown2.o(.ARM.Collect$$libshutdown$$0000000F)
    __rt_lib_shutdown_return                 0x08000207   Thumb Code     0  libshutdown2.o(.ARM.Collect$$libshutdown$$00000010)
    __rt_lib_shutdown_signal_1               0x08000207   Thumb Code     0  libshutdown2.o(.ARM.Collect$$libshutdown$$0000000A)
    __rt_lib_shutdown_stdio_1                0x08000207   Thumb Code     0  libshutdown2.o(.ARM.Collect$$libshutdown$$00000004)
    __rt_lib_shutdown_user_alloc_1           0x08000207   Thumb Code     0  libshutdown2.o(.ARM.Collect$$libshutdown$$0000000C)
    __rt_entry                               0x08000209   Thumb Code     0  __rtentry.o(.ARM.Collect$$rtentry$$00000000)
    __rt_entry_presh_1                       0x08000209   Thumb Code     0  __rtentry2.o(.ARM.Collect$$rtentry$$00000002)
    __rt_entry_sh                            0x08000209   Thumb Code     0  __rtentry4.o(.ARM.Collect$$rtentry$$00000004)
    __rt_entry_li                            0x0800020f   Thumb Code     0  __rtentry2.o(.ARM.Collect$$rtentry$$0000000A)
    __rt_entry_postsh_1                      0x0800020f   Thumb Code     0  __rtentry2.o(.ARM.Collect$$rtentry$$00000009)
    __rt_entry_main                          0x08000213   Thumb Code     0  __rtentry2.o(.ARM.Collect$$rtentry$$0000000D)
    __rt_entry_postli_1                      0x08000213   Thumb Code     0  __rtentry2.o(.ARM.Collect$$rtentry$$0000000C)
    __rt_exit                                0x0800021b   Thumb Code     0  rtexit.o(.ARM.Collect$$rtexit$$00000000)
    __rt_exit_ls                             0x0800021d   Thumb Code     0  rtexit2.o(.ARM.Collect$$rtexit$$00000003)
    __rt_exit_prels_1                        0x0800021d   Thumb Code     0  rtexit2.o(.ARM.Collect$$rtexit$$00000002)
    __rt_exit_exit                           0x08000221   Thumb Code     0  rtexit2.o(.ARM.Collect$$rtexit$$00000004)
    SVC_Handler                              0x08000229   Thumb Code    28  port.o(.emb_text)
    __asm___6_port_c_39a90d8d__prvStartFirstTask 0x08000249   Thumb Code    36  port.o(.emb_text)
    __asm___6_port_c_39a90d8d__prvEnableVFP  0x08000271   Thumb Code    16  port.o(.emb_text)
    PendSV_Handler                           0x08000285   Thumb Code    88  port.o(.emb_text)
    vPortGetIPSR                             0x080002e1   Thumb Code     6  port.o(.emb_text)
    Reset_Handler                            0x080002e9   Thumb Code     8  startup_stm32f407xx.o(.text)
    ADC_IRQHandler                           0x08000303   Thumb Code     0  startup_stm32f407xx.o(.text)
    CAN1_RX0_IRQHandler                      0x08000303   Thumb Code     0  startup_stm32f407xx.o(.text)
    CAN1_RX1_IRQHandler                      0x08000303   Thumb Code     0  startup_stm32f407xx.o(.text)
    CAN1_SCE_IRQHandler                      0x08000303   Thumb Code     0  startup_stm32f407xx.o(.text)
    CAN1_TX_IRQHandler                       0x08000303   Thumb Code     0  startup_stm32f407xx.o(.text)
    CAN2_RX0_IRQHandler                      0x08000303   Thumb Code     0  startup_stm32f407xx.o(.text)
    CAN2_RX1_IRQHandler                      0x08000303   Thumb Code     0  startup_stm32f407xx.o(.text)
    CAN2_SCE_IRQHandler                      0x08000303   Thumb Code     0  startup_stm32f407xx.o(.text)
    CAN2_TX_IRQHandler                       0x08000303   Thumb Code     0  startup_stm32f407xx.o(.text)
    DCMI_IRQHandler                          0x08000303   Thumb Code     0  startup_stm32f407xx.o(.text)
    DMA1_Stream0_IRQHandler                  0x08000303   Thumb Code     0  startup_stm32f407xx.o(.text)
    DMA1_Stream1_IRQHandler                  0x08000303   Thumb Code     0  startup_stm32f407xx.o(.text)
    DMA1_Stream2_IRQHandler                  0x08000303   Thumb Code     0  startup_stm32f407xx.o(.text)
    DMA1_Stream3_IRQHandler                  0x08000303   Thumb Code     0  startup_stm32f407xx.o(.text)
    DMA1_Stream4_IRQHandler                  0x08000303   Thumb Code     0  startup_stm32f407xx.o(.text)
    DMA1_Stream5_IRQHandler                  0x08000303   Thumb Code     0  startup_stm32f407xx.o(.text)
    DMA1_Stream6_IRQHandler                  0x08000303   Thumb Code     0  startup_stm32f407xx.o(.text)
    DMA1_Stream7_IRQHandler                  0x08000303   Thumb Code     0  startup_stm32f407xx.o(.text)
    DMA2_Stream0_IRQHandler                  0x08000303   Thumb Code     0  startup_stm32f407xx.o(.text)
    DMA2_Stream1_IRQHandler                  0x08000303   Thumb Code     0  startup_stm32f407xx.o(.text)
    DMA2_Stream2_IRQHandler                  0x08000303   Thumb Code     0  startup_stm32f407xx.o(.text)
    DMA2_Stream3_IRQHandler                  0x08000303   Thumb Code     0  startup_stm32f407xx.o(.text)
    DMA2_Stream4_IRQHandler                  0x08000303   Thumb Code     0  startup_stm32f407xx.o(.text)
    DMA2_Stream5_IRQHandler                  0x08000303   Thumb Code     0  startup_stm32f407xx.o(.text)
    DMA2_Stream6_IRQHandler                  0x08000303   Thumb Code     0  startup_stm32f407xx.o(.text)
    DMA2_Stream7_IRQHandler                  0x08000303   Thumb Code     0  startup_stm32f407xx.o(.text)
    ETH_IRQHandler                           0x08000303   Thumb Code     0  startup_stm32f407xx.o(.text)
    ETH_WKUP_IRQHandler                      0x08000303   Thumb Code     0  startup_stm32f407xx.o(.text)
    EXTI0_IRQHandler                         0x08000303   Thumb Code     0  startup_stm32f407xx.o(.text)
    EXTI15_10_IRQHandler                     0x08000303   Thumb Code     0  startup_stm32f407xx.o(.text)
    EXTI1_IRQHandler                         0x08000303   Thumb Code     0  startup_stm32f407xx.o(.text)
    EXTI2_IRQHandler                         0x08000303   Thumb Code     0  startup_stm32f407xx.o(.text)
    EXTI3_IRQHandler                         0x08000303   Thumb Code     0  startup_stm32f407xx.o(.text)
    EXTI4_IRQHandler                         0x08000303   Thumb Code     0  startup_stm32f407xx.o(.text)
    EXTI9_5_IRQHandler                       0x08000303   Thumb Code     0  startup_stm32f407xx.o(.text)
    FLASH_IRQHandler                         0x08000303   Thumb Code     0  startup_stm32f407xx.o(.text)
    FMC_IRQHandler                           0x08000303   Thumb Code     0  startup_stm32f407xx.o(.text)
    FPU_IRQHandler                           0x08000303   Thumb Code     0  startup_stm32f407xx.o(.text)
    HASH_RNG_IRQHandler                      0x08000303   Thumb Code     0  startup_stm32f407xx.o(.text)
    I2C1_ER_IRQHandler                       0x08000303   Thumb Code     0  startup_stm32f407xx.o(.text)
    I2C1_EV_IRQHandler                       0x08000303   Thumb Code     0  startup_stm32f407xx.o(.text)
    I2C2_ER_IRQHandler                       0x08000303   Thumb Code     0  startup_stm32f407xx.o(.text)
    I2C2_EV_IRQHandler                       0x08000303   Thumb Code     0  startup_stm32f407xx.o(.text)
    I2C3_ER_IRQHandler                       0x08000303   Thumb Code     0  startup_stm32f407xx.o(.text)
    I2C3_EV_IRQHandler                       0x08000303   Thumb Code     0  startup_stm32f407xx.o(.text)
    OTG_FS_IRQHandler                        0x08000303   Thumb Code     0  startup_stm32f407xx.o(.text)
    OTG_FS_WKUP_IRQHandler                   0x08000303   Thumb Code     0  startup_stm32f407xx.o(.text)
    OTG_HS_EP1_IN_IRQHandler                 0x08000303   Thumb Code     0  startup_stm32f407xx.o(.text)
    OTG_HS_EP1_OUT_IRQHandler                0x08000303   Thumb Code     0  startup_stm32f407xx.o(.text)
    OTG_HS_IRQHandler                        0x08000303   Thumb Code     0  startup_stm32f407xx.o(.text)
    OTG_HS_WKUP_IRQHandler                   0x08000303   Thumb Code     0  startup_stm32f407xx.o(.text)
    PVD_IRQHandler                           0x08000303   Thumb Code     0  startup_stm32f407xx.o(.text)
    RCC_IRQHandler                           0x08000303   Thumb Code     0  startup_stm32f407xx.o(.text)
    RTC_Alarm_IRQHandler                     0x08000303   Thumb Code     0  startup_stm32f407xx.o(.text)
    RTC_WKUP_IRQHandler                      0x08000303   Thumb Code     0  startup_stm32f407xx.o(.text)
    SDIO_IRQHandler                          0x08000303   Thumb Code     0  startup_stm32f407xx.o(.text)
    SPI1_IRQHandler                          0x08000303   Thumb Code     0  startup_stm32f407xx.o(.text)
    SPI2_IRQHandler                          0x08000303   Thumb Code     0  startup_stm32f407xx.o(.text)
    SPI3_IRQHandler                          0x08000303   Thumb Code     0  startup_stm32f407xx.o(.text)
    TAMP_STAMP_IRQHandler                    0x08000303   Thumb Code     0  startup_stm32f407xx.o(.text)
    TIM1_BRK_TIM9_IRQHandler                 0x08000303   Thumb Code     0  startup_stm32f407xx.o(.text)
    TIM1_CC_IRQHandler                       0x08000303   Thumb Code     0  startup_stm32f407xx.o(.text)
    TIM1_TRG_COM_TIM11_IRQHandler            0x08000303   Thumb Code     0  startup_stm32f407xx.o(.text)
    TIM1_UP_TIM10_IRQHandler                 0x08000303   Thumb Code     0  startup_stm32f407xx.o(.text)
    TIM2_IRQHandler                          0x08000303   Thumb Code     0  startup_stm32f407xx.o(.text)
    TIM3_IRQHandler                          0x08000303   Thumb Code     0  startup_stm32f407xx.o(.text)
    TIM4_IRQHandler                          0x08000303   Thumb Code     0  startup_stm32f407xx.o(.text)
    TIM5_IRQHandler                          0x08000303   Thumb Code     0  startup_stm32f407xx.o(.text)
    TIM8_BRK_TIM12_IRQHandler                0x08000303   Thumb Code     0  startup_stm32f407xx.o(.text)
    TIM8_TRG_COM_TIM14_IRQHandler            0x08000303   Thumb Code     0  startup_stm32f407xx.o(.text)
    UART4_IRQHandler                         0x08000303   Thumb Code     0  startup_stm32f407xx.o(.text)
    UART5_IRQHandler                         0x08000303   Thumb Code     0  startup_stm32f407xx.o(.text)
    USART1_IRQHandler                        0x08000303   Thumb Code     0  startup_stm32f407xx.o(.text)
    USART2_IRQHandler                        0x08000303   Thumb Code     0  startup_stm32f407xx.o(.text)
    USART6_IRQHandler                        0x08000303   Thumb Code     0  startup_stm32f407xx.o(.text)
    WWDG_IRQHandler                          0x08000303   Thumb Code     0  startup_stm32f407xx.o(.text)
    __user_initial_stackheap                 0x08000305   Thumb Code     0  startup_stm32f407xx.o(.text)
    __aeabi_uldivmod                         0x08000329   Thumb Code     0  lludivv7m.o(.text)
    _ll_udiv                                 0x08000329   Thumb Code   238  lludivv7m.o(.text)
    __aeabi_memcpy4                          0x08000417   Thumb Code     0  rt_memcpy_w.o(.text)
    __aeabi_memcpy8                          0x08000417   Thumb Code     0  rt_memcpy_w.o(.text)
    __rt_memcpy_w                            0x08000417   Thumb Code   100  rt_memcpy_w.o(.text)
    _memcpy_lastbytes_aligned                0x0800045f   Thumb Code     0  rt_memcpy_w.o(.text)
    __aeabi_memclr4                          0x0800047b   Thumb Code     0  rt_memclr_w.o(.text)
    __aeabi_memclr8                          0x0800047b   Thumb Code     0  rt_memclr_w.o(.text)
    __rt_memclr_w                            0x0800047b   Thumb Code    78  rt_memclr_w.o(.text)
    _memset_w                                0x0800047f   Thumb Code     0  rt_memclr_w.o(.text)
    __use_two_region_memory                  0x080004c9   Thumb Code     2  heapauxi.o(.text)
    __rt_heap_escrow$2region                 0x080004cb   Thumb Code     2  heapauxi.o(.text)
    __rt_heap_expand$2region                 0x080004cd   Thumb Code     2  heapauxi.o(.text)
    __user_setup_stackheap                   0x080004cf   Thumb Code    74  sys_stackheap_outer.o(.text)
    exit                                     0x08000519   Thumb Code    18  exit.o(.text)
    __user_libspace                          0x0800052d   Thumb Code     8  libspace.o(.text)
    __user_perproc_libspace                  0x0800052d   Thumb Code     0  libspace.o(.text)
    __user_perthread_libspace                0x0800052d   Thumb Code     0  libspace.o(.text)
    BusFault_Handler                         0x08000535   Thumb Code     2  stm32f4xx_it.o(i.BusFault_Handler)
    DebugMon_Handler                         0x08000537   Thumb Code     2  stm32f4xx_it.o(i.DebugMon_Handler)
    Error_Handler                            0x08000539   Thumb Code     4  main.o(i.Error_Handler)
    HAL_DMA_Abort                            0x0800053d   Thumb Code   146  stm32f4xx_hal_dma.o(i.HAL_DMA_Abort)
    HAL_DMA_Abort_IT                         0x080005cf   Thumb Code    36  stm32f4xx_hal_dma.o(i.HAL_DMA_Abort_IT)
    HAL_Delay                                0x080005f5   Thumb Code    32  stm32f4xx_hal.o(i.HAL_Delay)
    HAL_GPIO_Init                            0x08000619   Thumb Code   450  stm32f4xx_hal_gpio.o(i.HAL_GPIO_Init)
    HAL_GPIO_TogglePin                       0x08000809   Thumb Code    16  stm32f4xx_hal_gpio.o(i.HAL_GPIO_TogglePin)
    HAL_GPIO_WritePin                        0x08000819   Thumb Code    10  stm32f4xx_hal_gpio.o(i.HAL_GPIO_WritePin)
    HAL_GetTick                              0x08000825   Thumb Code     6  stm32f4xx_hal.o(i.HAL_GetTick)
    HAL_I2C_Init                             0x08000831   Thumb Code   376  stm32f4xx_hal_i2c.o(i.HAL_I2C_Init)
    HAL_I2C_Master_Receive                   0x080009b9   Thumb Code   468  stm32f4xx_hal_i2c.o(i.HAL_I2C_Master_Receive)
    HAL_I2C_Master_Transmit                  0x08000b99   Thumb Code   290  stm32f4xx_hal_i2c.o(i.HAL_I2C_Master_Transmit)
    HAL_I2C_MspInit                          0x08000cc5   Thumb Code    92  i2c.o(i.HAL_I2C_MspInit)
    HAL_IncTick                              0x08000d2d   Thumb Code    12  stm32f4xx_hal.o(i.HAL_IncTick)
    HAL_Init                                 0x08000d3d   Thumb Code    48  stm32f4xx_hal.o(i.HAL_Init)
    HAL_InitTick                             0x08000d71   Thumb Code   132  stm32f4xx_hal_timebase_tim.o(i.HAL_InitTick)
    HAL_MspInit                              0x08000e09   Thumb Code    52  stm32f4xx_hal_msp.o(i.HAL_MspInit)
    HAL_NVIC_EnableIRQ                       0x08000e41   Thumb Code    26  stm32f4xx_hal_cortex.o(i.HAL_NVIC_EnableIRQ)
    HAL_NVIC_SetPriority                     0x08000e5d   Thumb Code    60  stm32f4xx_hal_cortex.o(i.HAL_NVIC_SetPriority)
    HAL_NVIC_SetPriorityGrouping             0x08000e9d   Thumb Code    26  stm32f4xx_hal_cortex.o(i.HAL_NVIC_SetPriorityGrouping)
    HAL_RCC_ClockConfig                      0x08000ec1   Thumb Code   288  stm32f4xx_hal_rcc.o(i.HAL_RCC_ClockConfig)
    HAL_RCC_GetClockConfig                   0x08000ff5   Thumb Code    54  stm32f4xx_hal_rcc.o(i.HAL_RCC_GetClockConfig)
    HAL_RCC_GetPCLK1Freq                     0x08001035   Thumb Code    20  stm32f4xx_hal_rcc.o(i.HAL_RCC_GetPCLK1Freq)
    HAL_RCC_GetPCLK2Freq                     0x08001055   Thumb Code    20  stm32f4xx_hal_rcc.o(i.HAL_RCC_GetPCLK2Freq)
    HAL_RCC_GetSysClockFreq                  0x08001075   Thumb Code    88  stm32f4xx_hal_rcc.o(i.HAL_RCC_GetSysClockFreq)
    HAL_RCC_OscConfig                        0x080010d9   Thumb Code   856  stm32f4xx_hal_rcc.o(i.HAL_RCC_OscConfig)
    HAL_TIMEx_BreakCallback                  0x08001445   Thumb Code     2  stm32f4xx_hal_tim_ex.o(i.HAL_TIMEx_BreakCallback)
    HAL_TIMEx_CommutCallback                 0x08001447   Thumb Code     2  stm32f4xx_hal_tim_ex.o(i.HAL_TIMEx_CommutCallback)
    HAL_TIMEx_MasterConfigSynchronization    0x08001449   Thumb Code   116  stm32f4xx_hal_tim_ex.o(i.HAL_TIMEx_MasterConfigSynchronization)
    HAL_TIM_Base_Init                        0x080014d9   Thumb Code    90  stm32f4xx_hal_tim.o(i.HAL_TIM_Base_Init)
    HAL_TIM_Base_MspInit                     0x08001535   Thumb Code   198  tim.o(i.HAL_TIM_Base_MspInit)
    HAL_TIM_Base_Start_IT                    0x08001611   Thumb Code   100  stm32f4xx_hal_tim.o(i.HAL_TIM_Base_Start_IT)
    HAL_TIM_ConfigClockSource                0x08001691   Thumb Code   220  stm32f4xx_hal_tim.o(i.HAL_TIM_ConfigClockSource)
    HAL_TIM_Encoder_Init                     0x0800176d   Thumb Code   164  stm32f4xx_hal_tim.o(i.HAL_TIM_Encoder_Init)
    HAL_TIM_Encoder_MspInit                  0x08001811   Thumb Code   204  tim.o(i.HAL_TIM_Encoder_MspInit)
    HAL_TIM_IC_CaptureCallback               0x080018f9   Thumb Code   102  main.o(i.HAL_TIM_IC_CaptureCallback)
    HAL_TIM_IC_ConfigChannel                 0x08001969   Thumb Code   286  stm32f4xx_hal_tim.o(i.HAL_TIM_IC_ConfigChannel)
    HAL_TIM_IC_Init                          0x08001a87   Thumb Code    90  stm32f4xx_hal_tim.o(i.HAL_TIM_IC_Init)
    HAL_TIM_IC_MspInit                       0x08001ae1   Thumb Code     2  stm32f4xx_hal_tim.o(i.HAL_TIM_IC_MspInit)
    HAL_TIM_IC_Start_IT                      0x08001ae5   Thumb Code   240  stm32f4xx_hal_tim.o(i.HAL_TIM_IC_Start_IT)
    HAL_TIM_IRQHandler                       0x08001bf1   Thumb Code   358  stm32f4xx_hal_tim.o(i.HAL_TIM_IRQHandler)
    HAL_TIM_MspPostInit                      0x08001d59   Thumb Code   152  tim.o(i.HAL_TIM_MspPostInit)
    HAL_TIM_OC_DelayElapsedCallback          0x08001e0d   Thumb Code     2  stm32f4xx_hal_tim.o(i.HAL_TIM_OC_DelayElapsedCallback)
    HAL_TIM_PWM_ConfigChannel                0x08001e0f   Thumb Code   204  stm32f4xx_hal_tim.o(i.HAL_TIM_PWM_ConfigChannel)
    HAL_TIM_PWM_Init                         0x08001edb   Thumb Code    90  stm32f4xx_hal_tim.o(i.HAL_TIM_PWM_Init)
    HAL_TIM_PWM_MspInit                      0x08001f35   Thumb Code    56  tim.o(i.HAL_TIM_PWM_MspInit)
    HAL_TIM_PWM_PulseFinishedCallback        0x08001f79   Thumb Code     2  stm32f4xx_hal_tim.o(i.HAL_TIM_PWM_PulseFinishedCallback)
    HAL_TIM_PWM_Start                        0x08001f7d   Thumb Code   172  stm32f4xx_hal_tim.o(i.HAL_TIM_PWM_Start)
    HAL_TIM_PeriodElapsedCallback            0x08002045   Thumb Code    34  main.o(i.HAL_TIM_PeriodElapsedCallback)
    HAL_TIM_TriggerCallback                  0x08002075   Thumb Code     2  stm32f4xx_hal_tim.o(i.HAL_TIM_TriggerCallback)
    HAL_UARTEx_RxEventCallback               0x08002077   Thumb Code     2  stm32f4xx_hal_uart.o(i.HAL_UARTEx_RxEventCallback)
    HAL_UART_ErrorCallback                   0x08002079   Thumb Code     2  stm32f4xx_hal_uart.o(i.HAL_UART_ErrorCallback)
    HAL_UART_GetState                        0x0800207b   Thumb Code    10  stm32f4xx_hal_uart.o(i.HAL_UART_GetState)
    HAL_UART_IRQHandler                      0x08002085   Thumb Code   610  stm32f4xx_hal_uart.o(i.HAL_UART_IRQHandler)
    HAL_UART_Init                            0x080022ed   Thumb Code    98  stm32f4xx_hal_uart.o(i.HAL_UART_Init)
    HAL_UART_MspInit                         0x08002351   Thumb Code   110  usart.o(i.HAL_UART_MspInit)
    HAL_UART_Receive_IT                      0x080023cd   Thumb Code    42  stm32f4xx_hal_uart.o(i.HAL_UART_Receive_IT)
    HAL_UART_RxCpltCallback                  0x080023f9   Thumb Code    98  main.o(i.HAL_UART_RxCpltCallback)
    HAL_UART_TxCpltCallback                  0x0800246d   Thumb Code     2  stm32f4xx_hal_uart.o(i.HAL_UART_TxCpltCallback)
    HardFault_Handler                        0x0800246f   Thumb Code     2  stm32f4xx_it.o(i.HardFault_Handler)
    MX_FREERTOS_Init                         0x08002825   Thumb Code    52  freertos.o(i.MX_FREERTOS_Init)
    MX_GPIO_Init                             0x08002861   Thumb Code   202  gpio.o(i.MX_GPIO_Init)
    MX_I2C1_Init                             0x08002939   Thumb Code    50  i2c.o(i.MX_I2C1_Init)
    MX_TIM12_Init                            0x08002979   Thumb Code    82  tim.o(i.MX_TIM12_Init)
    MX_TIM13_Init                            0x080029d5   Thumb Code    94  tim.o(i.MX_TIM13_Init)
    MX_TIM1_Init                             0x08002a3d   Thumb Code    98  tim.o(i.MX_TIM1_Init)
    MX_TIM3_Init                             0x08002aa9   Thumb Code    96  tim.o(i.MX_TIM3_Init)
    MX_TIM4_Init                             0x08002b11   Thumb Code    96  tim.o(i.MX_TIM4_Init)
    MX_TIM6_Init                             0x08002b79   Thumb Code    62  tim.o(i.MX_TIM6_Init)
    MX_TIM8_Init                             0x08002bc1   Thumb Code   144  tim.o(i.MX_TIM8_Init)
    MX_TIM9_Init                             0x08002c59   Thumb Code    98  tim.o(i.MX_TIM9_Init)
    MX_USART3_UART_Init                      0x08002cc5   Thumb Code    52  usart.o(i.MX_USART3_UART_Init)
    MemManage_Handler                        0x08002d05   Thumb Code     2  stm32f4xx_it.o(i.MemManage_Handler)
    NMI_Handler                              0x08002d07   Thumb Code     2  stm32f4xx_it.o(i.NMI_Handler)
    PCA_MG9XX                                0x08002d09   Thumb Code    52  stm32_pca9685.o(i.PCA_MG9XX)
    PCA_MG9XX_Init                           0x08002d4d   Thumb Code   240  stm32_pca9685.o(i.PCA_MG9XX_Init)
    StartDefaultTask                         0x08002e4d   Thumb Code    62  freertos.o(i.StartDefaultTask)
    StartTask02                              0x08002e9d   Thumb Code   892  freertos.o(i.StartTask02)
    SysTick_Handler                          0x0800326d   Thumb Code    38  port.o(i.SysTick_Handler)
    SystemClock_Config                       0x08003299   Thumb Code   140  main.o(i.SystemClock_Config)
    SystemInit                               0x0800332d   Thumb Code    12  system_stm32f4xx.o(i.SystemInit)
    TIM6_DAC_IRQHandler                      0x0800333d   Thumb Code     6  stm32f4xx_it.o(i.TIM6_DAC_IRQHandler)
    TIM7_IRQHandler                          0x08003349   Thumb Code     6  stm32f4xx_it.o(i.TIM7_IRQHandler)
    TIM8_CC_IRQHandler                       0x08003355   Thumb Code     6  stm32f4xx_it.o(i.TIM8_CC_IRQHandler)
    TIM8_UP_TIM13_IRQHandler                 0x08003361   Thumb Code    18  stm32f4xx_it.o(i.TIM8_UP_TIM13_IRQHandler)
    TIM_Base_SetConfig                       0x0800337d   Thumb Code   156  stm32f4xx_hal_tim.o(i.TIM_Base_SetConfig)
    TIM_CCxChannelCmd                        0x08003445   Thumb Code    26  stm32f4xx_hal_tim.o(i.TIM_CCxChannelCmd)
    TIM_ETR_SetConfig                        0x0800345f   Thumb Code    20  stm32f4xx_hal_tim.o(i.TIM_ETR_SetConfig)
    TIM_OC2_SetConfig                        0x080034e5   Thumb Code    98  stm32f4xx_hal_tim.o(i.TIM_OC2_SetConfig)
    TIM_TI1_SetConfig                        0x0800362d   Thumb Code   100  stm32f4xx_hal_tim.o(i.TIM_TI1_SetConfig)
    UART_Start_Receive_IT                    0x08003931   Thumb Code    58  stm32f4xx_hal_uart.o(i.UART_Start_Receive_IT)
    USART3_IRQHandler                        0x0800396d   Thumb Code    56  stm32f4xx_it.o(i.USART3_IRQHandler)
    UsageFault_Handler                       0x080039b1   Thumb Code     2  stm32f4xx_it.o(i.UsageFault_Handler)
    __hardfp_floor                           0x080039d9   Thumb Code   252  floor.o(i.__hardfp_floor)
    _sys_exit                                0x08003af1   Thumb Code     2  usart.o(i._sys_exit)
    main                                     0x08003af5   Thumb Code   138  main.o(i.main)
    osDelay                                  0x08003ba5   Thumb Code    14  cmsis_os.o(i.osDelay)
    osKernelStart                            0x08003bb3   Thumb Code    10  cmsis_os.o(i.osKernelStart)
    osThreadCreate                           0x08003bbd   Thumb Code    84  cmsis_os.o(i.osThreadCreate)
    pca_read                                 0x08003c11   Thumb Code    44  stm32_pca9685.o(i.pca_read)
    pca_setfreq                              0x08003c41   Thumb Code   158  stm32_pca9685.o(i.pca_setfreq)
    pca_setpwm                               0x08003d01   Thumb Code    72  stm32_pca9685.o(i.pca_setpwm)
    pca_write                                0x08003d49   Thumb Code    30  stm32_pca9685.o(i.pca_write)
    pvPortMalloc                             0x080040b9   Thumb Code   216  heap_4.o(i.pvPortMalloc)
    pxPortInitialiseStack                    0x08004195   Thumb Code    40  port.o(i.pxPortInitialiseStack)
    speedcc                                  0x080041c1   Thumb Code    28  freertos.o(i.speedcc)
    update_sbus                              0x080041e1   Thumb Code   284  sbus.o(i.update_sbus)
    uxListRemove                             0x08004301   Thumb Code    38  list.o(i.uxListRemove)
    vApplicationGetIdleTaskMemory            0x08004329   Thumb Code    16  freertos.o(i.vApplicationGetIdleTaskMemory)
    vListInitialise                          0x0800433d   Thumb Code    22  list.o(i.vListInitialise)
    vListInitialiseItem                      0x08004353   Thumb Code     6  list.o(i.vListInitialiseItem)
    vListInsert                              0x08004359   Thumb Code    48  list.o(i.vListInsert)
    vListInsertEnd                           0x08004389   Thumb Code    24  list.o(i.vListInsertEnd)
    vPortEnterCritical                       0x080043a1   Thumb Code    54  port.o(i.vPortEnterCritical)
    vPortExitCritical                        0x080043e1   Thumb Code    34  port.o(i.vPortExitCritical)
    vPortFree                                0x08004409   Thumb Code    94  heap_4.o(i.vPortFree)
    vPortSetupTimerInterrupt                 0x0800446d   Thumb Code    32  port.o(i.vPortSetupTimerInterrupt)
    vTaskDelay                               0x08004491   Thumb Code    66  tasks.o(i.vTaskDelay)
    vTaskStartScheduler                      0x080044dd   Thumb Code    90  tasks.o(i.vTaskStartScheduler)
    vTaskSuspendAll                          0x08004549   Thumb Code    10  tasks.o(i.vTaskSuspendAll)
    vTaskSwitchContext                       0x08004559   Thumb Code    82  tasks.o(i.vTaskSwitchContext)
    xPortStartScheduler                      0x080045b5   Thumb Code   222  port.o(i.xPortStartScheduler)
    xTaskCreate                              0x080046a9   Thumb Code    90  tasks.o(i.xTaskCreate)
    xTaskCreateStatic                        0x08004703   Thumb Code    86  tasks.o(i.xTaskCreateStatic)
    xTaskIncrementTick                       0x08004759   Thumb Code   194  tasks.o(i.xTaskIncrementTick)
    xTaskResumeAll                           0x08004825   Thumb Code   182  tasks.o(i.xTaskResumeAll)
    __aeabi_d2f                              0x080048e9   Thumb Code     0  d2f.o(x$fpl$d2f)
    _d2f                                     0x080048e9   Thumb Code    98  d2f.o(x$fpl$d2f)
    __aeabi_dadd                             0x0800494d   Thumb Code     0  daddsub_clz.o(x$fpl$dadd)
    _dadd                                    0x0800494d   Thumb Code   332  daddsub_clz.o(x$fpl$dadd)
    __fpl_dcmp_Inf                           0x08004a9d   Thumb Code    24  dcmpi.o(x$fpl$dcmpinf)
    __aeabi_ddiv                             0x08004ab5   Thumb Code     0  ddiv.o(x$fpl$ddiv)
    _ddiv                                    0x08004ab5   Thumb Code   552  ddiv.o(x$fpl$ddiv)
    __aeabi_d2iz                             0x08004d65   Thumb Code     0  dfix.o(x$fpl$dfix)
    _dfix                                    0x08004d65   Thumb Code    94  dfix.o(x$fpl$dfix)
    __aeabi_d2uiz                            0x08004dc5   Thumb Code     0  dfixu.o(x$fpl$dfixu)
    _dfixu                                   0x08004dc5   Thumb Code    90  dfixu.o(x$fpl$dfixu)
    __aeabi_i2d                              0x08004e1f   Thumb Code     0  dflt_clz.o(x$fpl$dflt)
    _dflt                                    0x08004e1f   Thumb Code    46  dflt_clz.o(x$fpl$dflt)
    __aeabi_ui2d                             0x08004e4d   Thumb Code     0  dflt_clz.o(x$fpl$dfltu)
    _dfltu                                   0x08004e4d   Thumb Code    38  dflt_clz.o(x$fpl$dfltu)
    __aeabi_cdcmple                          0x08004e75   Thumb Code     0  dleqf.o(x$fpl$dleqf)
    _dcmple                                  0x08004e75   Thumb Code   120  dleqf.o(x$fpl$dleqf)
    __fpl_dcmple_InfNaN                      0x08004ed7   Thumb Code     0  dleqf.o(x$fpl$dleqf)
    __aeabi_dmul                             0x08004eed   Thumb Code     0  dmul.o(x$fpl$dmul)
    _dmul                                    0x08004eed   Thumb Code   332  dmul.o(x$fpl$dmul)
    __fpl_dnaninf                            0x08005041   Thumb Code   156  dnaninf.o(x$fpl$dnaninf)
    __fpl_dretinf                            0x080050dd   Thumb Code    12  dretinf.o(x$fpl$dretinf)
    __aeabi_cdrcmple                         0x080050e9   Thumb Code     0  drleqf.o(x$fpl$drleqf)
    _drcmple                                 0x080050e9   Thumb Code   108  drleqf.o(x$fpl$drleqf)
    __aeabi_drsub                            0x08005155   Thumb Code     0  daddsub_clz.o(x$fpl$drsb)
    _drsb                                    0x08005155   Thumb Code    22  daddsub_clz.o(x$fpl$drsb)
    __aeabi_dsub                             0x0800516d   Thumb Code     0  daddsub_clz.o(x$fpl$dsub)
    _dsub                                    0x0800516d   Thumb Code   464  daddsub_clz.o(x$fpl$dsub)
    __aeabi_f2d                              0x08005341   Thumb Code     0  f2d.o(x$fpl$f2d)
    _f2d                                     0x08005341   Thumb Code    86  f2d.o(x$fpl$f2d)
    __fpl_fnaninf                            0x08005397   Thumb Code   140  fnaninf.o(x$fpl$fnaninf)
    _fp_init                                 0x08005423   Thumb Code    10  fpinit.o(x$fpl$fpinit)
    __fplib_config_fpu_vfp                   0x0800542b   Thumb Code     0  fpinit.o(x$fpl$fpinit)
    __fplib_config_pureend_doubles           0x0800542b   Thumb Code     0  fpinit.o(x$fpl$fpinit)
    __fpl_fretinf                            0x0800542d   Thumb Code    10  fretinf.o(x$fpl$fretinf)
    __I$use$fp                               0x08005436   Number         0  usenofp.o(x$fpl$usenofp)
    AHBPrescTable                            0x08005470   Data          16  system_stm32f4xx.o(.constdata)
    APBPrescTable                            0x08005480   Data           8  system_stm32f4xx.o(.constdata)
    Region$$Table$$Base                      0x080054a0   Number         0  anon$$obj.o(Region$$Table)
    Region$$Table$$Limit                     0x080054c0   Number         0  anon$$obj.o(Region$$Table)
    aRxBuffer3                               0x20000000   Data           1  main.o(.data)
    USART3_RX_STA                            0x20000002   Data           2  main.o(.data)
    ccr_cnt1                                 0x20000004   Data           4  main.o(.data)
    ccr_cnt2                                 0x20000008   Data           4  main.o(.data)
    Period_cnt                               0x2000000c   Data           4  main.o(.data)
    Period_cnt1                              0x20000010   Data           4  main.o(.data)
    Period_cnt2                              0x20000014   Data           4  main.o(.data)
    ic_flag                                  0x20000018   Data           4  main.o(.data)
    end_flag                                 0x2000001c   Data           4  main.o(.data)
    duty_cycle                               0x20000020   Data           4  main.o(.data)
    frequency                                0x20000024   Data           4  main.o(.data)
    L_CH4                                    0x20000028   Data           4  freertos.o(.data)
    R_CH2                                    0x2000002c   Data           4  freertos.o(.data)
    R_CH1                                    0x20000030   Data           4  freertos.o(.data)
    LLY                                      0x20000034   Data           4  freertos.o(.data)
    LLX                                      0x20000038   Data           4  freertos.o(.data)
    LRX                                      0x2000003c   Data           4  freertos.o(.data)
    LRY                                      0x20000040   Data           4  freertos.o(.data)
    servo                                    0x20000044   Data           4  freertos.o(.data)
    LX                                       0x20000048   Data           4  freertos.o(.data)
    RX                                       0x2000004c   Data           4  freertos.o(.data)
    RY                                       0x20000050   Data           4  freertos.o(.data)
    wheelspeed                               0x20000054   Data           4  freertos.o(.data)
    defaultTaskHandle                        0x20000058   Data           4  freertos.o(.data)
    myTask02Handle                           0x2000005c   Data           4  freertos.o(.data)
    uwTickFreq                               0x20000060   Data           1  stm32f4xx_hal.o(.data)
    uwTickPrio                               0x20000064   Data           4  stm32f4xx_hal.o(.data)
    uwTick                                   0x20000068   Data           4  stm32f4xx_hal.o(.data)
    SystemCoreClock                          0x2000006c   Data           4  system_stm32f4xx.o(.data)
    pxCurrentTCB                             0x20000070   Data           4  tasks.o(.data)
    SBUS_CH                                  0x200000d8   Data          84  sbus.o(.bss)
    USART3_RX_BUF                            0x2000012c   Data         100  main.o(.bss)
    hi2c1                                    0x2000040c   Data          84  i2c.o(.bss)
    htim1                                    0x20000460   Data          72  tim.o(.bss)
    htim3                                    0x200004a8   Data          72  tim.o(.bss)
    htim4                                    0x200004f0   Data          72  tim.o(.bss)
    htim6                                    0x20000538   Data          72  tim.o(.bss)
    htim8                                    0x20000580   Data          72  tim.o(.bss)
    htim9                                    0x200005c8   Data          72  tim.o(.bss)
    htim12                                   0x20000610   Data          72  tim.o(.bss)
    htim13                                   0x20000658   Data          72  tim.o(.bss)
    huart3                                   0x200006a0   Data          68  usart.o(.bss)
    htim7                                    0x200006e4   Data          72  stm32f4xx_hal_timebase_tim.o(.bss)
    __libspace_start                         0x2000441c   Data          96  libspace.o(.bss)
    __temporary_stack_top$libspace           0x2000447c   Data           0  libspace.o(.bss)



==============================================================================

Memory Map of the image

  Image Entry point : 0x08000189

  Load Region LR_IROM1 (Base: 0x08000000, Size: 0x00005598, Max: 0x00100000, ABSOLUTE)

    Execution Region ER_IROM1 (Base: 0x08000000, Size: 0x000054c0, Max: 0x00100000, ABSOLUTE)

    Base Addr    Size         Type   Attr      Idx    E Section Name        Object

    0x08000000   0x00000188   Data   RO            3    RESET               startup_stm32f407xx.o
    0x08000188   0x00000008   Code   RO         5058  * !!!main             c_w.l(__main.o)
    0x08000190   0x00000034   Code   RO         5276    !!!scatter          c_w.l(__scatter.o)
    0x080001c4   0x0000001a   Code   RO         5278    !!handler_copy      c_w.l(__scatter_copy.o)
    0x080001de   0x00000002   PAD
    0x080001e0   0x0000001c   Code   RO         5280    !!handler_zi        c_w.l(__scatter_zi.o)
    0x080001fc   0x00000002   Code   RO         5146    .ARM.Collect$$libinit$$00000000  c_w.l(libinit.o)
    0x080001fe   0x00000004   Code   RO         5160    .ARM.Collect$$libinit$$00000001  c_w.l(libinit2.o)
    0x08000202   0x00000000   Code   RO         5163    .ARM.Collect$$libinit$$00000004  c_w.l(libinit2.o)
    0x08000202   0x00000000   Code   RO         5166    .ARM.Collect$$libinit$$0000000A  c_w.l(libinit2.o)
    0x08000202   0x00000000   Code   RO         5168    .ARM.Collect$$libinit$$0000000C  c_w.l(libinit2.o)
    0x08000202   0x00000000   Code   RO         5170    .ARM.Collect$$libinit$$0000000E  c_w.l(libinit2.o)
    0x08000202   0x00000000   Code   RO         5173    .ARM.Collect$$libinit$$00000011  c_w.l(libinit2.o)
    0x08000202   0x00000000   Code   RO         5175    .ARM.Collect$$libinit$$00000013  c_w.l(libinit2.o)
    0x08000202   0x00000000   Code   RO         5177    .ARM.Collect$$libinit$$00000015  c_w.l(libinit2.o)
    0x08000202   0x00000000   Code   RO         5179    .ARM.Collect$$libinit$$00000017  c_w.l(libinit2.o)
    0x08000202   0x00000000   Code   RO         5181    .ARM.Collect$$libinit$$00000019  c_w.l(libinit2.o)
    0x08000202   0x00000000   Code   RO         5183    .ARM.Collect$$libinit$$0000001B  c_w.l(libinit2.o)
    0x08000202   0x00000000   Code   RO         5185    .ARM.Collect$$libinit$$0000001D  c_w.l(libinit2.o)
    0x08000202   0x00000000   Code   RO         5187    .ARM.Collect$$libinit$$0000001F  c_w.l(libinit2.o)
    0x08000202   0x00000000   Code   RO         5189    .ARM.Collect$$libinit$$00000021  c_w.l(libinit2.o)
    0x08000202   0x00000000   Code   RO         5191    .ARM.Collect$$libinit$$00000023  c_w.l(libinit2.o)
    0x08000202   0x00000000   Code   RO         5193    .ARM.Collect$$libinit$$00000025  c_w.l(libinit2.o)
    0x08000202   0x00000000   Code   RO         5197    .ARM.Collect$$libinit$$0000002C  c_w.l(libinit2.o)
    0x08000202   0x00000000   Code   RO         5199    .ARM.Collect$$libinit$$0000002E  c_w.l(libinit2.o)
    0x08000202   0x00000000   Code   RO         5201    .ARM.Collect$$libinit$$00000030  c_w.l(libinit2.o)
    0x08000202   0x00000000   Code   RO         5203    .ARM.Collect$$libinit$$00000032  c_w.l(libinit2.o)
    0x08000202   0x00000002   Code   RO         5204    .ARM.Collect$$libinit$$00000033  c_w.l(libinit2.o)
    0x08000204   0x00000002   Code   RO         5230    .ARM.Collect$$libshutdown$$00000000  c_w.l(libshutdown.o)
    0x08000206   0x00000000   Code   RO         5259    .ARM.Collect$$libshutdown$$00000002  c_w.l(libshutdown2.o)
    0x08000206   0x00000000   Code   RO         5261    .ARM.Collect$$libshutdown$$00000004  c_w.l(libshutdown2.o)
    0x08000206   0x00000000   Code   RO         5264    .ARM.Collect$$libshutdown$$00000007  c_w.l(libshutdown2.o)
    0x08000206   0x00000000   Code   RO         5267    .ARM.Collect$$libshutdown$$0000000A  c_w.l(libshutdown2.o)
    0x08000206   0x00000000   Code   RO         5269    .ARM.Collect$$libshutdown$$0000000C  c_w.l(libshutdown2.o)
    0x08000206   0x00000000   Code   RO         5272    .ARM.Collect$$libshutdown$$0000000F  c_w.l(libshutdown2.o)
    0x08000206   0x00000002   Code   RO         5273    .ARM.Collect$$libshutdown$$00000010  c_w.l(libshutdown2.o)
    0x08000208   0x00000000   Code   RO         5096    .ARM.Collect$$rtentry$$00000000  c_w.l(__rtentry.o)
    0x08000208   0x00000000   Code   RO         5115    .ARM.Collect$$rtentry$$00000002  c_w.l(__rtentry2.o)
    0x08000208   0x00000006   Code   RO         5127    .ARM.Collect$$rtentry$$00000004  c_w.l(__rtentry4.o)
    0x0800020e   0x00000000   Code   RO         5117    .ARM.Collect$$rtentry$$00000009  c_w.l(__rtentry2.o)
    0x0800020e   0x00000004   Code   RO         5118    .ARM.Collect$$rtentry$$0000000A  c_w.l(__rtentry2.o)
    0x08000212   0x00000000   Code   RO         5120    .ARM.Collect$$rtentry$$0000000C  c_w.l(__rtentry2.o)
    0x08000212   0x00000008   Code   RO         5121    .ARM.Collect$$rtentry$$0000000D  c_w.l(__rtentry2.o)
    0x0800021a   0x00000002   Code   RO         5152    .ARM.Collect$$rtexit$$00000000  c_w.l(rtexit.o)
    0x0800021c   0x00000000   Code   RO         5206    .ARM.Collect$$rtexit$$00000002  c_w.l(rtexit2.o)
    0x0800021c   0x00000004   Code   RO         5207    .ARM.Collect$$rtexit$$00000003  c_w.l(rtexit2.o)
    0x08000220   0x00000006   Code   RO         5208    .ARM.Collect$$rtexit$$00000004  c_w.l(rtexit2.o)
    0x08000226   0x00000002   PAD
    0x08000228   0x000000be   Code   RO         4967    .emb_text           port.o
    0x080002e6   0x00000002   PAD
    0x080002e8   0x00000040   Code   RO            4    .text               startup_stm32f407xx.o
    0x08000328   0x000000ee   Code   RO         5046    .text               c_w.l(lludivv7m.o)
    0x08000416   0x00000064   Code   RO         5050    .text               c_w.l(rt_memcpy_w.o)
    0x0800047a   0x0000004e   Code   RO         5054    .text               c_w.l(rt_memclr_w.o)
    0x080004c8   0x00000006   Code   RO         5056    .text               c_w.l(heapauxi.o)
    0x080004ce   0x0000004a   Code   RO         5133    .text               c_w.l(sys_stackheap_outer.o)
    0x08000518   0x00000012   Code   RO         5135    .text               c_w.l(exit.o)
    0x0800052a   0x00000002   PAD
    0x0800052c   0x00000008   Code   RO         5149    .text               c_w.l(libspace.o)
    0x08000534   0x00000002   Code   RO          649    i.BusFault_Handler  stm32f4xx_it.o
    0x08000536   0x00000002   Code   RO          650    i.DebugMon_Handler  stm32f4xx_it.o
    0x08000538   0x00000004   Code   RO          218    i.Error_Handler     main.o
    0x0800053c   0x00000092   Code   RO         1262    i.HAL_DMA_Abort     stm32f4xx_hal_dma.o
    0x080005ce   0x00000024   Code   RO         1263    i.HAL_DMA_Abort_IT  stm32f4xx_hal_dma.o
    0x080005f2   0x00000002   PAD
    0x080005f4   0x00000024   Code   RO         1681    i.HAL_Delay         stm32f4xx_hal.o
    0x08000618   0x000001f0   Code   RO         1155    i.HAL_GPIO_Init     stm32f4xx_hal_gpio.o
    0x08000808   0x00000010   Code   RO         1158    i.HAL_GPIO_TogglePin  stm32f4xx_hal_gpio.o
    0x08000818   0x0000000a   Code   RO         1159    i.HAL_GPIO_WritePin  stm32f4xx_hal_gpio.o
    0x08000822   0x00000002   PAD
    0x08000824   0x0000000c   Code   RO         1687    i.HAL_GetTick       stm32f4xx_hal.o
    0x08000830   0x00000188   Code   RO         1943    i.HAL_I2C_Init      stm32f4xx_hal_i2c.o
    0x080009b8   0x000001e0   Code   RO         1949    i.HAL_I2C_Master_Receive  stm32f4xx_hal_i2c.o
    0x08000b98   0x0000012c   Code   RO         1956    i.HAL_I2C_Master_Transmit  stm32f4xx_hal_i2c.o
    0x08000cc4   0x00000068   Code   RO          435    i.HAL_I2C_MspInit   i2c.o
    0x08000d2c   0x00000010   Code   RO         1693    i.HAL_IncTick       stm32f4xx_hal.o
    0x08000d3c   0x00000034   Code   RO         1694    i.HAL_Init          stm32f4xx_hal.o
    0x08000d70   0x00000098   Code   RO          761    i.HAL_InitTick      stm32f4xx_hal_timebase_tim.o
    0x08000e08   0x00000038   Code   RO          737    i.HAL_MspInit       stm32f4xx_hal_msp.o
    0x08000e40   0x0000001a   Code   RO         1544    i.HAL_NVIC_EnableIRQ  stm32f4xx_hal_cortex.o
    0x08000e5a   0x00000002   PAD
    0x08000e5c   0x00000040   Code   RO         1550    i.HAL_NVIC_SetPriority  stm32f4xx_hal_cortex.o
    0x08000e9c   0x00000024   Code   RO         1551    i.HAL_NVIC_SetPriorityGrouping  stm32f4xx_hal_cortex.o
    0x08000ec0   0x00000134   Code   RO          801    i.HAL_RCC_ClockConfig  stm32f4xx_hal_rcc.o
    0x08000ff4   0x00000040   Code   RO          805    i.HAL_RCC_GetClockConfig  stm32f4xx_hal_rcc.o
    0x08001034   0x00000020   Code   RO          808    i.HAL_RCC_GetPCLK1Freq  stm32f4xx_hal_rcc.o
    0x08001054   0x00000020   Code   RO          809    i.HAL_RCC_GetPCLK2Freq  stm32f4xx_hal_rcc.o
    0x08001074   0x00000064   Code   RO          810    i.HAL_RCC_GetSysClockFreq  stm32f4xx_hal_rcc.o
    0x080010d8   0x0000036c   Code   RO          813    i.HAL_RCC_OscConfig  stm32f4xx_hal_rcc.o
    0x08001444   0x00000002   Code   RO         3088    i.HAL_TIMEx_BreakCallback  stm32f4xx_hal_tim_ex.o
    0x08001446   0x00000002   Code   RO         3089    i.HAL_TIMEx_CommutCallback  stm32f4xx_hal_tim_ex.o
    0x08001448   0x00000090   Code   RO         3107    i.HAL_TIMEx_MasterConfigSynchronization  stm32f4xx_hal_tim_ex.o
    0x080014d8   0x0000005a   Code   RO         2384    i.HAL_TIM_Base_Init  stm32f4xx_hal_tim.o
    0x08001532   0x00000002   PAD
    0x08001534   0x000000dc   Code   RO          477    i.HAL_TIM_Base_MspInit  tim.o
    0x08001610   0x00000080   Code   RO         2389    i.HAL_TIM_Base_Start_IT  stm32f4xx_hal_tim.o
    0x08001690   0x000000dc   Code   RO         2393    i.HAL_TIM_ConfigClockSource  stm32f4xx_hal_tim.o
    0x0800176c   0x000000a4   Code   RO         2405    i.HAL_TIM_Encoder_Init  stm32f4xx_hal_tim.o
    0x08001810   0x000000e8   Code   RO          479    i.HAL_TIM_Encoder_MspInit  tim.o
    0x080018f8   0x00000070   Code   RO          219    i.HAL_TIM_IC_CaptureCallback  main.o
    0x08001968   0x0000011e   Code   RO         2420    i.HAL_TIM_IC_ConfigChannel  stm32f4xx_hal_tim.o
    0x08001a86   0x0000005a   Code   RO         2423    i.HAL_TIM_IC_Init   stm32f4xx_hal_tim.o
    0x08001ae0   0x00000002   Code   RO         2425    i.HAL_TIM_IC_MspInit  stm32f4xx_hal_tim.o
    0x08001ae2   0x00000002   PAD
    0x08001ae4   0x0000010c   Code   RO         2428    i.HAL_TIM_IC_Start_IT  stm32f4xx_hal_tim.o
    0x08001bf0   0x00000166   Code   RO         2432    i.HAL_TIM_IRQHandler  stm32f4xx_hal_tim.o
    0x08001d56   0x00000002   PAD
    0x08001d58   0x000000b4   Code   RO          480    i.HAL_TIM_MspPostInit  tim.o
    0x08001e0c   0x00000002   Code   RO         2435    i.HAL_TIM_OC_DelayElapsedCallback  stm32f4xx_hal_tim.o
    0x08001e0e   0x000000cc   Code   RO         2456    i.HAL_TIM_PWM_ConfigChannel  stm32f4xx_hal_tim.o
    0x08001eda   0x0000005a   Code   RO         2459    i.HAL_TIM_PWM_Init  stm32f4xx_hal_tim.o
    0x08001f34   0x00000044   Code   RO          482    i.HAL_TIM_PWM_MspInit  tim.o
    0x08001f78   0x00000002   Code   RO         2462    i.HAL_TIM_PWM_PulseFinishedCallback  stm32f4xx_hal_tim.o
    0x08001f7a   0x00000002   PAD
    0x08001f7c   0x000000c8   Code   RO         2464    i.HAL_TIM_PWM_Start  stm32f4xx_hal_tim.o
    0x08002044   0x00000030   Code   RO          220    i.HAL_TIM_PeriodElapsedCallback  main.o
    0x08002074   0x00000002   Code   RO         2475    i.HAL_TIM_TriggerCallback  stm32f4xx_hal_tim.o
    0x08002076   0x00000002   Code   RO         3366    i.HAL_UARTEx_RxEventCallback  stm32f4xx_hal_uart.o
    0x08002078   0x00000002   Code   RO         3380    i.HAL_UART_ErrorCallback  stm32f4xx_hal_uart.o
    0x0800207a   0x0000000a   Code   RO         3382    i.HAL_UART_GetState  stm32f4xx_hal_uart.o
    0x08002084   0x00000268   Code   RO         3383    i.HAL_UART_IRQHandler  stm32f4xx_hal_uart.o
    0x080022ec   0x00000062   Code   RO         3384    i.HAL_UART_Init     stm32f4xx_hal_uart.o
    0x0800234e   0x00000002   PAD
    0x08002350   0x0000007c   Code   RO          591    i.HAL_UART_MspInit  usart.o
    0x080023cc   0x0000002a   Code   RO         3389    i.HAL_UART_Receive_IT  stm32f4xx_hal_uart.o
    0x080023f6   0x00000002   PAD
    0x080023f8   0x00000074   Code   RO          221    i.HAL_UART_RxCpltCallback  main.o
    0x0800246c   0x00000002   Code   RO         3395    i.HAL_UART_TxCpltCallback  stm32f4xx_hal_uart.o
    0x0800246e   0x00000002   Code   RO          651    i.HardFault_Handler  stm32f4xx_it.o
    0x08002470   0x0000002e   Code   RO         1985    i.I2C_IsAcknowledgeFailed  stm32f4xx_hal_i2c.o
    0x0800249e   0x00000002   PAD
    0x080024a0   0x000000ec   Code   RO         1988    i.I2C_MasterRequestRead  stm32f4xx_hal_i2c.o
    0x0800258c   0x0000009c   Code   RO         1989    i.I2C_MasterRequestWrite  stm32f4xx_hal_i2c.o
    0x08002628   0x0000004c   Code   RO         2000    i.I2C_WaitOnBTFFlagUntilTimeout  stm32f4xx_hal_i2c.o
    0x08002674   0x00000068   Code   RO         2001    i.I2C_WaitOnFlagUntilTimeout  stm32f4xx_hal_i2c.o
    0x080026dc   0x00000096   Code   RO         2002    i.I2C_WaitOnMasterAddressFlagUntilTimeout  stm32f4xx_hal_i2c.o
    0x08002772   0x00000066   Code   RO         2003    i.I2C_WaitOnRXNEFlagUntilTimeout  stm32f4xx_hal_i2c.o
    0x080027d8   0x0000004c   Code   RO         2004    i.I2C_WaitOnTXEFlagUntilTimeout  stm32f4xx_hal_i2c.o
    0x08002824   0x0000003c   Code   RO          369    i.MX_FREERTOS_Init  freertos.o
    0x08002860   0x000000d8   Code   RO          345    i.MX_GPIO_Init      gpio.o
    0x08002938   0x00000040   Code   RO          436    i.MX_I2C1_Init      i2c.o
    0x08002978   0x0000005c   Code   RO          483    i.MX_TIM12_Init     tim.o
    0x080029d4   0x00000068   Code   RO          484    i.MX_TIM13_Init     tim.o
    0x08002a3c   0x0000006c   Code   RO          485    i.MX_TIM1_Init      tim.o
    0x08002aa8   0x00000068   Code   RO          486    i.MX_TIM3_Init      tim.o
    0x08002b10   0x00000068   Code   RO          487    i.MX_TIM4_Init      tim.o
    0x08002b78   0x00000048   Code   RO          488    i.MX_TIM6_Init      tim.o
    0x08002bc0   0x00000098   Code   RO          489    i.MX_TIM8_Init      tim.o
    0x08002c58   0x0000006c   Code   RO          490    i.MX_TIM9_Init      tim.o
    0x08002cc4   0x00000040   Code   RO          592    i.MX_USART3_UART_Init  usart.o
    0x08002d04   0x00000002   Code   RO          652    i.MemManage_Handler  stm32f4xx_it.o
    0x08002d06   0x00000002   Code   RO          653    i.NMI_Handler       stm32f4xx_it.o
    0x08002d08   0x00000044   Code   RO          150    i.PCA_MG9XX         stm32_pca9685.o
    0x08002d4c   0x00000100   Code   RO          151    i.PCA_MG9XX_Init    stm32_pca9685.o
    0x08002e4c   0x00000050   Code   RO          370    i.StartDefaultTask  freertos.o
    0x08002e9c   0x000003d0   Code   RO          371    i.StartTask02       freertos.o
    0x0800326c   0x0000002c   Code   RO         4968    i.SysTick_Handler   port.o
    0x08003298   0x00000094   Code   RO          222    i.SystemClock_Config  main.o
    0x0800332c   0x00000010   Code   RO         3713    i.SystemInit        system_stm32f4xx.o
    0x0800333c   0x0000000c   Code   RO          654    i.TIM6_DAC_IRQHandler  stm32f4xx_it.o
    0x08003348   0x0000000c   Code   RO          655    i.TIM7_IRQHandler   stm32f4xx_it.o
    0x08003354   0x0000000c   Code   RO          656    i.TIM8_CC_IRQHandler  stm32f4xx_it.o
    0x08003360   0x0000001c   Code   RO          657    i.TIM8_UP_TIM13_IRQHandler  stm32f4xx_it.o
    0x0800337c   0x000000c8   Code   RO         2477    i.TIM_Base_SetConfig  stm32f4xx_hal_tim.o
    0x08003444   0x0000001a   Code   RO         2478    i.TIM_CCxChannelCmd  stm32f4xx_hal_tim.o
    0x0800345e   0x00000014   Code   RO         2488    i.TIM_ETR_SetConfig  stm32f4xx_hal_tim.o
    0x08003472   0x00000010   Code   RO         2489    i.TIM_ITRx_SetConfig  stm32f4xx_hal_tim.o
    0x08003482   0x00000002   PAD
    0x08003484   0x00000060   Code   RO         2490    i.TIM_OC1_SetConfig  stm32f4xx_hal_tim.o
    0x080034e4   0x0000006c   Code   RO         2491    i.TIM_OC2_SetConfig  stm32f4xx_hal_tim.o
    0x08003550   0x00000068   Code   RO         2492    i.TIM_OC3_SetConfig  stm32f4xx_hal_tim.o
    0x080035b8   0x00000050   Code   RO         2493    i.TIM_OC4_SetConfig  stm32f4xx_hal_tim.o
    0x08003608   0x00000022   Code   RO         2495    i.TIM_TI1_ConfigInputStage  stm32f4xx_hal_tim.o
    0x0800362a   0x00000002   PAD
    0x0800362c   0x00000080   Code   RO         2496    i.TIM_TI1_SetConfig  stm32f4xx_hal_tim.o
    0x080036ac   0x00000024   Code   RO         2497    i.TIM_TI2_ConfigInputStage  stm32f4xx_hal_tim.o
    0x080036d0   0x00000036   Code   RO         2498    i.TIM_TI2_SetConfig  stm32f4xx_hal_tim.o
    0x08003706   0x00000010   Code   RO         3397    i.UART_DMAAbortOnError  stm32f4xx_hal_uart.o
    0x08003716   0x0000004e   Code   RO         3407    i.UART_EndRxTransfer  stm32f4xx_hal_uart.o
    0x08003764   0x000000c0   Code   RO         3409    i.UART_Receive_IT   stm32f4xx_hal_uart.o
    0x08003824   0x0000010c   Code   RO         3410    i.UART_SetConfig    stm32f4xx_hal_uart.o
    0x08003930   0x0000003a   Code   RO         3412    i.UART_Start_Receive_IT  stm32f4xx_hal_uart.o
    0x0800396a   0x00000002   PAD
    0x0800396c   0x00000044   Code   RO          658    i.USART3_IRQHandler  stm32f4xx_it.o
    0x080039b0   0x00000002   Code   RO          659    i.UsageFault_Handler  stm32f4xx_it.o
    0x080039b2   0x00000020   Code   RO         1557    i.__NVIC_SetPriority  stm32f4xx_hal_cortex.o
    0x080039d2   0x00000006   PAD
    0x080039d8   0x00000118   Code   RO         5090    i.__hardfp_floor    m_wm.l(floor.o)
    0x08003af0   0x00000002   Code   RO          593    i._sys_exit         usart.o
    0x08003af2   0x00000002   PAD
    0x08003af4   0x000000a4   Code   RO          223    i.main              main.o
    0x08003b98   0x0000000c   Code   RO         4533    i.makeFreeRtosPriority  cmsis_os.o
    0x08003ba4   0x0000000e   Code   RO         4535    i.osDelay           cmsis_os.o
    0x08003bb2   0x0000000a   Code   RO         4538    i.osKernelStart     cmsis_os.o
    0x08003bbc   0x00000054   Code   RO         4572    i.osThreadCreate    cmsis_os.o
    0x08003c10   0x00000030   Code   RO          152    i.pca_read          stm32_pca9685.o
    0x08003c40   0x000000c0   Code   RO          153    i.pca_setfreq       stm32_pca9685.o
    0x08003d00   0x00000048   Code   RO          154    i.pca_setpwm        stm32_pca9685.o
    0x08003d48   0x00000024   Code   RO          155    i.pca_write         stm32_pca9685.o
    0x08003d6c   0x00000070   Code   RO         4215    i.prvAddCurrentTaskToDelayedList  tasks.o
    0x08003ddc   0x000000d0   Code   RO         4216    i.prvAddNewTaskToReadyList  tasks.o
    0x08003eac   0x00000034   Code   RO         4217    i.prvDeleteTCB      tasks.o
    0x08003ee0   0x0000004c   Code   RO         4900    i.prvHeapInit       heap_4.o
    0x08003f2c   0x00000060   Code   RO         4218    i.prvIdleTask       tasks.o
    0x08003f8c   0x00000098   Code   RO         4219    i.prvInitialiseNewTask  tasks.o
    0x08004024   0x0000004c   Code   RO         4901    i.prvInsertBlockIntoFreeList  heap_4.o
    0x08004070   0x00000020   Code   RO         4220    i.prvResetNextTaskUnblockTime  tasks.o
    0x08004090   0x00000028   Code   RO         4969    i.prvTaskExitError  port.o
    0x080040b8   0x000000dc   Code   RO         4902    i.pvPortMalloc      heap_4.o
    0x08004194   0x0000002c   Code   RO         4970    i.pxPortInitialiseStack  port.o
    0x080041c0   0x00000020   Code   RO          372    i.speedcc           freertos.o
    0x080041e0   0x00000120   Code   RO           14    i.update_sbus       sbus.o
    0x08004300   0x00000026   Code   RO         3851    i.uxListRemove      list.o
    0x08004326   0x00000002   PAD
    0x08004328   0x00000014   Code   RO          373    i.vApplicationGetIdleTaskMemory  freertos.o
    0x0800433c   0x00000016   Code   RO         3852    i.vListInitialise   list.o
    0x08004352   0x00000006   Code   RO         3853    i.vListInitialiseItem  list.o
    0x08004358   0x00000030   Code   RO         3854    i.vListInsert       list.o
    0x08004388   0x00000018   Code   RO         3855    i.vListInsertEnd    list.o
    0x080043a0   0x00000040   Code   RO         4972    i.vPortEnterCritical  port.o
    0x080043e0   0x00000028   Code   RO         4973    i.vPortExitCritical  port.o
    0x08004408   0x00000064   Code   RO         4903    i.vPortFree         heap_4.o
    0x0800446c   0x00000024   Code   RO         4974    i.vPortSetupTimerInterrupt  port.o
    0x08004490   0x0000004c   Code   RO         4229    i.vTaskDelay        tasks.o
    0x080044dc   0x0000006c   Code   RO         4242    i.vTaskStartScheduler  tasks.o
    0x08004548   0x00000010   Code   RO         4244    i.vTaskSuspendAll   tasks.o
    0x08004558   0x0000005c   Code   RO         4245    i.vTaskSwitchContext  tasks.o
    0x080045b4   0x000000f4   Code   RO         4976    i.xPortStartScheduler  port.o
    0x080046a8   0x0000005a   Code   RO         4248    i.xTaskCreate       tasks.o
    0x08004702   0x00000056   Code   RO         4249    i.xTaskCreateStatic  tasks.o
    0x08004758   0x000000cc   Code   RO         4256    i.xTaskIncrementTick  tasks.o
    0x08004824   0x000000c4   Code   RO         4262    i.xTaskResumeAll    tasks.o
    0x080048e8   0x00000062   Code   RO         5060    x$fpl$d2f           fz_wm.l(d2f.o)
    0x0800494a   0x00000002   PAD
    0x0800494c   0x00000150   Code   RO         5062    x$fpl$dadd          fz_wm.l(daddsub_clz.o)
    0x08004a9c   0x00000018   Code   RO         5147    x$fpl$dcmpinf       fz_wm.l(dcmpi.o)
    0x08004ab4   0x000002b0   Code   RO         5069    x$fpl$ddiv          fz_wm.l(ddiv.o)
    0x08004d64   0x0000005e   Code   RO         5072    x$fpl$dfix          fz_wm.l(dfix.o)
    0x08004dc2   0x00000002   PAD
    0x08004dc4   0x0000005a   Code   RO         5076    x$fpl$dfixu         fz_wm.l(dfixu.o)
    0x08004e1e   0x0000002e   Code   RO         5081    x$fpl$dflt          fz_wm.l(dflt_clz.o)
    0x08004e4c   0x00000026   Code   RO         5080    x$fpl$dfltu         fz_wm.l(dflt_clz.o)
    0x08004e72   0x00000002   PAD
    0x08004e74   0x00000078   Code   RO         5131    x$fpl$dleqf         fz_wm.l(dleqf.o)
    0x08004eec   0x00000154   Code   RO         5086    x$fpl$dmul          fz_wm.l(dmul.o)
    0x08005040   0x0000009c   Code   RO         5103    x$fpl$dnaninf       fz_wm.l(dnaninf.o)
    0x080050dc   0x0000000c   Code   RO         5105    x$fpl$dretinf       fz_wm.l(dretinf.o)
    0x080050e8   0x0000006c   Code   RO         5107    x$fpl$drleqf        fz_wm.l(drleqf.o)
    0x08005154   0x00000016   Code   RO         5063    x$fpl$drsb          fz_wm.l(daddsub_clz.o)
    0x0800516a   0x00000002   PAD
    0x0800516c   0x000001d4   Code   RO         5064    x$fpl$dsub          fz_wm.l(daddsub_clz.o)
    0x08005340   0x00000056   Code   RO         5088    x$fpl$f2d           fz_wm.l(f2d.o)
    0x08005396   0x0000008c   Code   RO         5109    x$fpl$fnaninf       fz_wm.l(fnaninf.o)
    0x08005422   0x0000000a   Code   RO         5218    x$fpl$fpinit        fz_wm.l(fpinit.o)
    0x0800542c   0x0000000a   Code   RO         5111    x$fpl$fretinf       fz_wm.l(fretinf.o)
    0x08005436   0x00000000   Code   RO         5113    x$fpl$usenofp       fz_wm.l(usenofp.o)
    0x08005436   0x00000002   PAD
    0x08005438   0x00000038   Data   RO          375    .constdata          freertos.o
    0x08005470   0x00000010   Data   RO         3714    .constdata          system_stm32f4xx.o
    0x08005480   0x00000008   Data   RO         3715    .constdata          system_stm32f4xx.o
    0x08005488   0x00000018   Data   RO          376    .conststring        freertos.o
    0x080054a0   0x00000020   Data   RO         5274    Region$$Table       anon$$obj.o


    Execution Region RW_IRAM1 (Base: 0x20000000, Size: 0x00004a80, Max: 0x0001c000, ABSOLUTE)

    Base Addr    Size         Type   Attr      Idx    E Section Name        Object

    0x20000000   0x00000020   Data   RW          228    .data               main.o
    0x20000020   0x00000004   Data   RW          229    .data               main.o
    0x20000024   0x00000004   Data   RW          230    .data               main.o
    0x20000028   0x00000038   Data   RW          378    .data               freertos.o
    0x20000060   0x0000000c   Data   RW         1701    .data               stm32f4xx_hal.o
    0x2000006c   0x00000004   Data   RW         3716    .data               system_stm32f4xx.o
    0x20000070   0x0000003c   Data   RW         4265    .data               tasks.o
    0x200000ac   0x00000020   Data   RW         4909    .data               heap_4.o
    0x200000cc   0x0000000c   Data   RW         4977    .data               port.o
    0x200000d8   0x00000054   Zero   RW           15    .bss                sbus.o
    0x2000012c   0x00000064   Zero   RW          225    .bss                main.o
    0x20000190   0x0000027c   Zero   RW          374    .bss                freertos.o
    0x2000040c   0x00000054   Zero   RW          437    .bss                i2c.o
    0x20000460   0x00000240   Zero   RW          491    .bss                tim.o
    0x200006a0   0x00000044   Zero   RW          595    .bss                usart.o
    0x200006e4   0x00000048   Zero   RW          764    .bss                stm32f4xx_hal_timebase_tim.o
    0x2000072c   0x000000f0   Zero   RW         4264    .bss                tasks.o
    0x2000081c   0x00003c00   Zero   RW         4908    .bss                heap_4.o
    0x2000441c   0x00000060   Zero   RW         5150    .bss                c_w.l(libspace.o)
    0x2000447c   0x00000004   PAD
    0x20004480   0x00000200   Zero   RW            2    HEAP                startup_stm32f407xx.o
    0x20004680   0x00000400   Zero   RW            1    STACK               startup_stm32f407xx.o


    Execution Region RW_IRAM2 (Base: 0x2001c000, Size: 0x00000000, Max: 0x00004000, ABSOLUTE)

    **** No section assigned to this execution region ****


==============================================================================

Image component sizes


      Code (inc. data)   RO Data    RW Data    ZI Data      Debug   Object Name

       120          0          0          0          0      23181   cmsis_os.o
         0          0          0          0          0      16832   event_groups.o
      1168        118         80         56        636       5457   freertos.o
       216         14          0          0          0       1063   gpio.o
       472         24          0         32      15360       7327   heap_4.o
       168         26          0          0         84       1629   i2c.o
       138          0          0          0          0       3470   list.o
       592         76          0         40        100      36442   main.o
       702         72          0         12          0      10860   port.o
       288          4          0          0         84     700358   sbus.o
        64         26        392          0       1536        832   startup_stm32f407xx.o
       672         76          0          0          0       4083   stm32_pca9685.o
       116         18          0         12          0       8634   stm32f4xx_hal.o
       158         14          0          0          0      33094   stm32f4xx_hal_cortex.o
       182          0          0          0          0       2063   stm32f4xx_hal_dma.o
       522         46          0          0          0       2789   stm32f4xx_hal_gpio.o
      2118         50          0          0          0      12434   stm32f4xx_hal_i2c.o
        56          4          0          0          0        842   stm32f4xx_hal_msp.o
      1412         86          0          0          0       5817   stm32f4xx_hal_rcc.o
      3008        192          0          0          0      21342   stm32f4xx_hal_tim.o
       148         28          0          0          0       2405   stm32f4xx_hal_tim_ex.o
       152         20          0          0         72       1443   stm32f4xx_hal_timebase_tim.o
      1384         16          0          0          0       9700   stm32f4xx_hal_uart.o
       144         40          0          0          0       5213   stm32f4xx_it.o
         0          0          0          0          0        384   stream_buffer.o
        16          4         24          4          0       1091   system_stm32f4xx.o
      1520        112          0         60        240      19270   tasks.o
      1544        164          0          0        576       8531   tim.o
       190         26          0          0         68       3430   usart.o

    ----------------------------------------------------------------------
     17308       1256        528        216      18756     950016   Object Totals
         0          0         32          0          0          0   (incl. Generated)
        38          0          0          0          0          0   (incl. Padding)

    ----------------------------------------------------------------------

      Code (inc. data)   RO Data    RW Data    ZI Data      Debug   Library Member Name

         8          0          0          0          0         68   __main.o
         0          0          0          0          0          0   __rtentry.o
        12          0          0          0          0          0   __rtentry2.o
         6          0          0          0          0          0   __rtentry4.o
        52          8          0          0          0          0   __scatter.o
        26          0          0          0          0          0   __scatter_copy.o
        28          0          0          0          0          0   __scatter_zi.o
        18          0          0          0          0         80   exit.o
         6          0          0          0          0        152   heapauxi.o
         2          0          0          0          0          0   libinit.o
         6          0          0          0          0          0   libinit2.o
         2          0          0          0          0          0   libshutdown.o
         2          0          0          0          0          0   libshutdown2.o
         8          4          0          0         96         68   libspace.o
       238          0          0          0          0        100   lludivv7m.o
        78          0          0          0          0         80   rt_memclr_w.o
       100          0          0          0          0         80   rt_memcpy_w.o
         2          0          0          0          0          0   rtexit.o
        10          0          0          0          0          0   rtexit2.o
        74          0          0          0          0         80   sys_stackheap_outer.o
        98          4          0          0          0        140   d2f.o
       826         16          0          0          0        492   daddsub_clz.o
        24          0          0          0          0        116   dcmpi.o
       688        140          0          0          0        256   ddiv.o
        94          4          0          0          0        140   dfix.o
        90          4          0          0          0        140   dfixu.o
        84          0          0          0          0        232   dflt_clz.o
       120          4          0          0          0        140   dleqf.o
       340         12          0          0          0        152   dmul.o
       156          4          0          0          0        140   dnaninf.o
        12          0          0          0          0        116   dretinf.o
       108          0          0          0          0        128   drleqf.o
        86          4          0          0          0        132   f2d.o
       140          4          0          0          0        132   fnaninf.o
        10          0          0          0          0        116   fpinit.o
        10          0          0          0          0        116   fretinf.o
         0          0          0          0          0          0   usenofp.o
       280         28          0          0          0        156   floor.o

    ----------------------------------------------------------------------
      3860        236          0          0        100       3552   Library Totals
        16          0          0          0          4          0   (incl. Padding)

    ----------------------------------------------------------------------

      Code (inc. data)   RO Data    RW Data    ZI Data      Debug   Library Name

       678         12          0          0         96        708   c_w.l
      2886        196          0          0          0       2688   fz_wm.l
       280         28          0          0          0        156   m_wm.l

    ----------------------------------------------------------------------
      3860        236          0          0        100       3552   Library Totals

    ----------------------------------------------------------------------

==============================================================================


      Code (inc. data)   RO Data    RW Data    ZI Data      Debug   

     21168       1492        528        216      18856     936560   Grand Totals
     21168       1492        528        216      18856     936560   ELF Image Totals
     21168       1492        528        216          0          0   ROM Totals

==============================================================================

    Total RO  Size (Code + RO Data)                21696 (  21.19kB)
    Total RW  Size (RW Data + ZI Data)             19072 (  18.63kB)
    Total ROM Size (Code + RO Data + RW Data)      21912 (  21.40kB)

==============================================================================

