<html>
<body>
<pre>
<h1>µVision Build Log</h1>
<h2>Tool Versions:</h2>
IDE-Version: ¦ÌVision V5.18.0.0
Copyright (C) 2016 ARM Ltd and ARM Germany GmbH. All rights reserved.
License Information: 1 james021103@126.com, 1, LIC=AK1BF-6HSFV-687FC-7KS8B-UIXFX-RV5UB
 
Tool Versions:
Toolchain:       MDK-ARM Professional  Version: 5.18
Toolchain Path:  F:\keil\ARM\ARMCC\Bin
C Compiler:      Armcc.exe V5.06 update 1 (build 61)
Assembler:       Armasm.exe V5.06 update 1 (build 61)
Linker/Locator:  ArmLink.exe V5.06 update 1 (build 61)
Library Manager: ArmAr.exe V5.06 update 1 (build 61)
Hex Converter:   FromElf.exe V5.06 update 1 (build 61)
CPU DLL:         SARMCM3.DLL V5.18
Dialog DLL:      DCM.DLL V1.13.6.0
Target DLL:      CMSIS_AGDI.dll V1.25.7.0
Dialog DLL:      TCM.DLL V1.14.8.0
 
<h2>Project:</h2>
F:\TEST_STM32\BACKUP - BK - NOMC8B\BACKUP - BK - ready\MDK-ARM\readytodateback.uvprojx
Project File Date:  05/28/2023

<h2>Output:</h2>
*** Using Compiler 'V5.06 update 1 (build 61)', folder: 'F:\keil\ARM\ARMCC\Bin'
Build target 'readytodateback'
compiling freertos.c...
../MDK-ARM/sbus.h(61): warning:  #1-D: last line of file ends without a newline
  #endif
../Core/Src/freertos.c(226): warning:  #177-D: variable "biasA1" was declared but never referenced
  	int biasA1 = 0;
../Core/Src/freertos.c(227): warning:  #177-D: variable "biasA2" was declared but never referenced
  	int biasA2 = 200;
../Core/Src/freertos.c(228): warning:  #177-D: variable "biasB1" was declared but never referenced
  	int biasB1 = 200;
../Core/Src/freertos.c(229): warning:  #177-D: variable "biasB2" was declared but never referenced
  	int biasB2 = -50 ;
../Core/Src/freertos.c(418): warning:  #177-D: variable "macr" was declared but never referenced
  		int macr = lx ;
../Core/Src/freertos.c: 6 warnings, 0 errors
linking...
Program Size: Code=14676 RO-data=568 RW-data=208 ZI-data=18088  
FromELF: creating hex file...
"readytodateback\readytodateback.axf" - 0 Error(s), 6 Warning(s).

<h2>Software Packages used:</h2>

Package Vendor: ARM
                http://www.keil.com/pack/ARM.CMSIS.4.5.0.pack
                ARM::CMSIS:CORE:4.3.0
                CMSIS (Cortex Microcontroller Software Interface Standard)
   * Component: CORE Version: 4.3.0

<h2>Collection of Component include folders:</h2>
  F:\TEST_STM32\BACKUP - BK - NOMC8B\BACKUP - BK - ready\MDK-ARM\RTE
  F:\keil\ARM\PACK\ARM\CMSIS\4.5.0\CMSIS\Include
  F:\keil\ARM\PACK\Keil\STM32F4xx_DFP\2.17.0\Drivers\CMSIS\Device\ST\STM32F4xx\Include

<h2>Collection of Component Files used:</h2>

   * Component: ARM::CMSIS:CORE:4.3.0
Build Time Elapsed:  00:00:01
</pre>
</body>
</html>
